Archive member included because of file (symbol)

c:/programas/altera/13.0sp1/nios2eds/bin/gnu/h-i686-mingw32/bin/../lib/gcc/nios2-elf/4.1.2/../../../../nios2-elf/lib\libm.a(lib_a-sf_sin.o)
                              obj/default/hello_world_small.o (sinf)
c:/programas/altera/13.0sp1/nios2eds/bin/gnu/h-i686-mingw32/bin/../lib/gcc/nios2-elf/4.1.2/../../../../nios2-elf/lib\libm.a(lib_a-ef_rem_pio2.o)
                              c:/programas/altera/13.0sp1/nios2eds/bin/gnu/h-i686-mingw32/bin/../lib/gcc/nios2-elf/4.1.2/../../../../nios2-elf/lib\libm.a(lib_a-sf_sin.o) (__ieee754_rem_pio2f)
c:/programas/altera/13.0sp1/nios2eds/bin/gnu/h-i686-mingw32/bin/../lib/gcc/nios2-elf/4.1.2/../../../../nios2-elf/lib\libm.a(lib_a-kf_cos.o)
                              c:/programas/altera/13.0sp1/nios2eds/bin/gnu/h-i686-mingw32/bin/../lib/gcc/nios2-elf/4.1.2/../../../../nios2-elf/lib\libm.a(lib_a-sf_sin.o) (__kernel_cosf)
c:/programas/altera/13.0sp1/nios2eds/bin/gnu/h-i686-mingw32/bin/../lib/gcc/nios2-elf/4.1.2/../../../../nios2-elf/lib\libm.a(lib_a-kf_rem_pio2.o)
                              c:/programas/altera/13.0sp1/nios2eds/bin/gnu/h-i686-mingw32/bin/../lib/gcc/nios2-elf/4.1.2/../../../../nios2-elf/lib\libm.a(lib_a-ef_rem_pio2.o) (__kernel_rem_pio2f)
c:/programas/altera/13.0sp1/nios2eds/bin/gnu/h-i686-mingw32/bin/../lib/gcc/nios2-elf/4.1.2/../../../../nios2-elf/lib\libm.a(lib_a-kf_sin.o)
                              c:/programas/altera/13.0sp1/nios2eds/bin/gnu/h-i686-mingw32/bin/../lib/gcc/nios2-elf/4.1.2/../../../../nios2-elf/lib\libm.a(lib_a-sf_sin.o) (__kernel_sinf)
c:/programas/altera/13.0sp1/nios2eds/bin/gnu/h-i686-mingw32/bin/../lib/gcc/nios2-elf/4.1.2/../../../../nios2-elf/lib\libm.a(lib_a-sf_fabs.o)
                              c:/programas/altera/13.0sp1/nios2eds/bin/gnu/h-i686-mingw32/bin/../lib/gcc/nios2-elf/4.1.2/../../../../nios2-elf/lib\libm.a(lib_a-ef_rem_pio2.o) (fabsf)
c:/programas/altera/13.0sp1/nios2eds/bin/gnu/h-i686-mingw32/bin/../lib/gcc/nios2-elf/4.1.2/../../../../nios2-elf/lib\libm.a(lib_a-sf_floor.o)
                              c:/programas/altera/13.0sp1/nios2eds/bin/gnu/h-i686-mingw32/bin/../lib/gcc/nios2-elf/4.1.2/../../../../nios2-elf/lib\libm.a(lib_a-kf_rem_pio2.o) (floorf)
c:/programas/altera/13.0sp1/nios2eds/bin/gnu/h-i686-mingw32/bin/../lib/gcc/nios2-elf/4.1.2/../../../../nios2-elf/lib\libm.a(lib_a-sf_scalbn.o)
                              c:/programas/altera/13.0sp1/nios2eds/bin/gnu/h-i686-mingw32/bin/../lib/gcc/nios2-elf/4.1.2/../../../../nios2-elf/lib\libm.a(lib_a-kf_rem_pio2.o) (scalbnf)
c:/programas/altera/13.0sp1/nios2eds/bin/gnu/h-i686-mingw32/bin/../lib/gcc/nios2-elf/4.1.2/../../../../nios2-elf/lib\libm.a(lib_a-sf_copysign.o)
                              c:/programas/altera/13.0sp1/nios2eds/bin/gnu/h-i686-mingw32/bin/../lib/gcc/nios2-elf/4.1.2/../../../../nios2-elf/lib\libm.a(lib_a-sf_scalbn.o) (copysignf)
c:/programas/altera/13.0sp1/nios2eds/bin/gnu/h-i686-mingw32/bin/../lib/gcc/nios2-elf/4.1.2\libgcc.a(_addsub_sf.o)
                              c:/programas/altera/13.0sp1/nios2eds/bin/gnu/h-i686-mingw32/bin/../lib/gcc/nios2-elf/4.1.2/../../../../nios2-elf/lib\libm.a(lib_a-sf_sin.o) (__subsf3)
c:/programas/altera/13.0sp1/nios2eds/bin/gnu/h-i686-mingw32/bin/../lib/gcc/nios2-elf/4.1.2\libgcc.a(_mul_sf.o)
                              obj/default/hello_world_small.o (__mulsf3)
c:/programas/altera/13.0sp1/nios2eds/bin/gnu/h-i686-mingw32/bin/../lib/gcc/nios2-elf/4.1.2\libgcc.a(_div_sf.o)
                              obj/default/hello_world_small.o (__divsf3)
c:/programas/altera/13.0sp1/nios2eds/bin/gnu/h-i686-mingw32/bin/../lib/gcc/nios2-elf/4.1.2\libgcc.a(_eq_sf.o)
                              c:/programas/altera/13.0sp1/nios2eds/bin/gnu/h-i686-mingw32/bin/../lib/gcc/nios2-elf/4.1.2/../../../../nios2-elf/lib\libm.a(lib_a-ef_rem_pio2.o) (__eqsf2)
c:/programas/altera/13.0sp1/nios2eds/bin/gnu/h-i686-mingw32/bin/../lib/gcc/nios2-elf/4.1.2\libgcc.a(_gt_sf.o)
                              c:/programas/altera/13.0sp1/nios2eds/bin/gnu/h-i686-mingw32/bin/../lib/gcc/nios2-elf/4.1.2/../../../../nios2-elf/lib\libm.a(lib_a-sf_floor.o) (__gtsf2)
c:/programas/altera/13.0sp1/nios2eds/bin/gnu/h-i686-mingw32/bin/../lib/gcc/nios2-elf/4.1.2\libgcc.a(_ge_sf.o)
                              c:/programas/altera/13.0sp1/nios2eds/bin/gnu/h-i686-mingw32/bin/../lib/gcc/nios2-elf/4.1.2/../../../../nios2-elf/lib\libm.a(lib_a-kf_rem_pio2.o) (__gesf2)
c:/programas/altera/13.0sp1/nios2eds/bin/gnu/h-i686-mingw32/bin/../lib/gcc/nios2-elf/4.1.2\libgcc.a(_si_to_sf.o)
                              obj/default/hello_world_small.o (__floatsisf)
c:/programas/altera/13.0sp1/nios2eds/bin/gnu/h-i686-mingw32/bin/../lib/gcc/nios2-elf/4.1.2\libgcc.a(_sf_to_si.o)
                              obj/default/hello_world_small.o (__fixsfsi)
c:/programas/altera/13.0sp1/nios2eds/bin/gnu/h-i686-mingw32/bin/../lib/gcc/nios2-elf/4.1.2\libgcc.a(_thenan_sf.o)
[...]
Memory Configuration

Name             Origin             Length             Attributes
sdram0           0x00800000         0x00800000
reset            0x01080000         0x00000020
sram0            0x01080020         0x0007ffe0
*default*        0x00000000         0xffffffff

Linker script and memory map

LOAD C:/Users/JairoAndres/Documents/Quartus/Projects/puj-ca-de1-audio-pump/system_design/software/audio_pump_t1_bsp//obj/HAL/src/crt0.o
                0x0108001c                exit = _exit
LOAD obj/default/hello_world_small.o
LOAD obj/default/i2c_opencores.o
LOAD c:/programas/altera/13.0sp1/nios2eds/bin/gnu/h-i686-mingw32/bin/../lib/gcc/nios2-elf/4.1.2/../../../../nios2-elf/lib\libstdc++.a
LOAD c:/programas/altera/13.0sp1/nios2eds/bin/gnu/h-i686-mingw32/bin/../lib/gcc/nios2-elf/4.1.2/../../../../nios2-elf/lib\libm.a
LOAD c:/programas/altera/13.0sp1/nios2eds/bin/gnu/h-i686-mingw32/bin/../lib/gcc/nios2-elf/4.1.2\libgcc.a
START GROUP
LOAD c:/programas/altera/13.0sp1/nios2eds/bin/gnu/h-i686-mingw32/bin/../lib/gcc/nios2-elf/4.1.2/../../../../nios2-elf/lib\libsmallc.a
LOAD c:/programas/altera/13.0sp1/nios2eds/bin/gnu/h-i686-mingw32/bin/../lib/gcc/nios2-elf/4.1.2\libgcc.a
LOAD C:/Users/JairoAndres/Documents/Quartus/Projects/puj-ca-de1-audio-pump/system_design/software/audio_pump_t1_bsp/\libhal_bsp.a
END GROUP
LOAD c:/programas/altera/13.0sp1/nios2eds/bin/gnu/h-i686-mingw32/bin/../lib/gcc/nios2-elf/4.1.2\libgcc.a
                0x00800000                __alt_mem_sdram0 = 0x800000
                0x01080000                __alt_mem_sram0 = 0x1080000

.entry          0x01080000       0x20
 *(.entry)
 .entry         0x01080000       0x20 C:/Users/JairoAndres/Documents/Quartus/Projects/puj-ca-de1-audio-pump/system_design/software/audio_pump_t1_bsp//obj/HAL/src/crt0.o
                0x01080000                __reset
                0x0108001c                _exit

.exceptions     0x01080020        0x0
                0x01080020                PROVIDE (__ram_exceptions_start, ABSOLUTE (.))
                0x01080020                . = ALIGN (0x20)
 *(.irq)
 *(.exceptions.entry.label)
 *(.exceptions.entry.user)
 *(.exceptions.entry)
 *(.exceptions.irqtest.user)
 *(.exceptions.irqtest)
 *(.exceptions.irqhandler.user)
 *(.exceptions.irqhandler)
 *(.exceptions.irqreturn.user)
 *(.exceptions.irqreturn)
 *(.exceptions.notirq.label)
 *(.exceptions.notirq.user)
 *(.exceptions.notirq)
 *(.exceptions.soft.user)
 *(.exceptions.soft)
 *(.exceptions.unknown.user)
 *(.exceptions.unknown)
 *(.exceptions.exit.label)
 *(.exceptions.exit.user)
 *(.exceptions.exit)
 *(.exceptions)
                0x01080020                PROVIDE (__ram_exceptions_end, ABSOLUTE (.))
                0x01080020                PROVIDE (__flash_exceptions_start, LOADADDR (.exceptions))

.text           0x01080020     0x3374
                0x01080020                PROVIDE (stext, ABSOLUTE (.))
 *(.interp)
 *(.hash)
 *(.dynsym)
 *(.dynstr)
 *(.gnu.version)
 *(.gnu.version_d)
 *(.gnu.version_r)
 *(.rel.init)
 *(.rela.init)
 *(.rel.text .rel.text.* .rel.gnu.linkonce.t.*)
 *(.rela.text .rela.text.* .rela.gnu.linkonce.t.*)
 *(.rel.fini)
 *(.rela.fini)
 *(.rel.rodata .rel.rodata.* .rel.gnu.linkonce.r.*)
 *(.rela.rodata .rela.rodata.* .rela.gnu.linkonce.r.*)
 *(.rel.data .rel.data.* .rel.gnu.linkonce.d.*)
 *(.rela.data .rela.data.* .rela.gnu.linkonce.d.*)
 *(.rel.tdata .rel.tdata.* .rel.gnu.linkonce.td.*)
 *(.rela.tdata .rela.tdata.* .rela.gnu.linkonce.td.*)
 *(.rel.tbss .rel.tbss.* .rel.gnu.linkonce.tb.*)
 *(.rela.tbss .rela.tbss.* .rela.gnu.linkonce.tb.*)
 *(.rel.ctors)
 *(.rela.ctors)
 *(.rel.dtors)
 *(.rela.dtors)
 *(.rel.got)
 *(.rela.got)
 *(.rel.sdata .rel.sdata.* .rel.gnu.linkonce.s.*)
 *(.rela.sdata .rela.sdata.* .rela.gnu.linkonce.s.*)
 *(.rel.sbss .rel.sbss.* .rel.gnu.linkonce.sb.*)
 *(.rela.sbss .rela.sbss.* .rela.gnu.linkonce.sb.*)
 *(.rel.sdata2 .rel.sdata2.* .rel.gnu.linkonce.s2.*)
 *(.rela.sdata2 .rela.sdata2.* .rela.gnu.linkonce.s2.*)
 *(.rel.sbss2 .rel.sbss2.* .rel.gnu.linkonce.sb2.*)
 *(.rela.sbss2 .rela.sbss2.* .rela.gnu.linkonce.sb2.*)
 *(.rel.bss .rel.bss.* .rel.gnu.linkonce.b.*)
 *(.rela.bss .rela.bss.* .rela.gnu.linkonce.b.*)
 *(.rel.plt)
 *(.rela.plt)
 *(.rel.dyn)
 *(.init)
 *(.plt)
 *(.text .stub .text.* .gnu.linkonce.t.*)
 .text          0x01080020       0x4c C:/Users/JairoAndres/Documents/Quartus/Projects/puj-ca-de1-audio-pump/system_design/software/audio_pump_t1_bsp//obj/HAL/src/crt0.o
                0x01080020                _start
 .text          0x0108006c      0x1e8 obj/default/hello_world_small.o
                0x0108006c                write_wm
                0x01080120                main
 .text          0x01080254       0xfc obj/default/i2c_opencores.o
                0x01080254                I2C_init
                0x010802b4                I2C_write
                0x010802f0                I2C_read
                0x01080318                I2C_start
 .text          0x01080350       0xc0 c:/programas/altera/13.0sp1/nios2eds/bin/gnu/h-i686-mingw32/bin/../lib/gcc/nios2-elf/4.1.2/../../../../nios2-elf/lib\libm.a(lib_a-sf_sin.o)
                0x01080350                sinf
 .text          0x01080410      0x53c c:/programas/altera/13.0sp1/nios2eds/bin/gnu/h-i686-mingw32/bin/../lib/gcc/nios2-elf/4.1.2/../../../../nios2-elf/lib\libm.a(lib_a-ef_rem_pio2.o)
                0x01080410                __ieee754_rem_pio2f
 .text          0x0108094c      0x2bc c:/programas/altera/13.0sp1/nios2eds/bin/gnu/h-i686-mingw32/bin/../lib/gcc/nios2-elf/4.1.2/../../../../nios2-elf/lib\libm.a(lib_a-kf_cos.o)
                0x0108094c                __kernel_cosf
 .text          0x01080c08      0xa90 c:/programas/altera/13.0sp1/nios2eds/bin/gnu/h-i686-mingw32/bin/../lib/gcc/nios2-elf/4.1.2/../../../../nios2-elf/lib\libm.a(lib_a-kf_rem_pio2.o)
                0x01080c08                __kernel_rem_pio2f
 .text          0x01081698      0x1bc c:/programas/altera/13.0sp1/nios2eds/bin/gnu/h-i686-mingw32/bin/../lib/gcc/nios2-elf/4.1.2/../../../../nios2-elf/lib\libm.a(lib_a-kf_sin.o)
                0x01081698                __kernel_sinf
 .text          0x01081854       0x10 c:/programas/altera/13.0sp1/nios2eds/bin/gnu/h-i686-mingw32/bin/../lib/gcc/nios2-elf/4.1.2/../../../../nios2-elf/lib\libm.a(lib_a-sf_fabs.o)
                0x01081854                fabsf
 .text          0x01081864      0x114 c:/programas/altera/13.0sp1/nios2eds/bin/gnu/h-i686-mingw32/bin/../lib/gcc/nios2-elf/4.1.2/../../../../nios2-elf/lib\libm.a(lib_a-sf_floor.o)
                0x01081864                floorf
 .text          0x01081978      0x14c c:/programas/altera/13.0sp1/nios2eds/bin/gnu/h-i686-mingw32/bin/../lib/gcc/nios2-elf/4.1.2/../../../../nios2-elf/lib\libm.a(lib_a-sf_scalbn.o)
                0x01081978                scalbnf
 .text          0x01081ac4       0x18 c:/programas/altera/13.0sp1/nios2eds/bin/gnu/h-i686-mingw32/bin/../lib/gcc/nios2-elf/4.1.2/../../../../nios2-elf/lib\libm.a(lib_a-sf_copysign.o)
                0x01081ac4                copysignf
 .text          0x01081adc      0x2b8 c:/programas/altera/13.0sp1/nios2eds/bin/gnu/h-i686-mingw32/bin/../lib/gcc/nios2-elf/4.1.2\libgcc.a(_addsub_sf.o)
                0x01081cc0                __subsf3
                0x01081d30                __addsf3
 .text          0x01081d94      0x1e0 c:/programas/altera/13.0sp1/nios2eds/bin/gnu/h-i686-mingw32/bin/../lib/gcc/nios2-elf/4.1.2\libgcc.a(_mul_sf.o)
                0x01081d94                __mulsf3
 .text          0x01081f74      0x174 c:/programas/altera/13.0sp1/nios2eds/bin/gnu/h-i686-mingw32/bin/../lib/gcc/nios2-elf/4.1.2\libgcc.a(_div_sf.o)
                0x01081f74                __divsf3
 .text          0x010820e8       0x78 c:/programas/altera/13.0sp1/nios2eds/bin/gnu/h-i686-mingw32/bin/../lib/gcc/nios2-elf/4.1.2\libgcc.a(_eq_sf.o)
                0x010820e8                __eqsf2
 .text          0x01082160       0x78 c:/programas/altera/13.0sp1/nios2eds/bin/gnu/h-i686-mingw32/bin/../lib/gcc/nios2-elf/4.1.2\libgcc.a(_gt_sf.o)
                0x01082160                __gtsf2
 .text          0x010821d8       0x78 c:/programas/altera/13.0sp1/nios2eds/bin/gnu/h-i686-mingw32/bin/../lib/gcc/nios2-elf/4.1.2\libgcc.a(_ge_sf.o)
                0x010821d8                __gesf2
 .text          0x01082250       0x98 c:/programas/altera/13.0sp1/nios2eds/bin/gnu/h-i686-mingw32/bin/../lib/gcc/nios2-elf/4.1.2\libgcc.a(_si_to_sf.o)
                0x01082250                __floatsisf
 .text          0x010822e8       0x94 c:/programas/altera/13.0sp1/nios2eds/bin/gnu/h-i686-mingw32/bin/../lib/gcc/nios2-elf/4.1.2\libgcc.a(_sf_to_si.o)
                0x010822e8                __fixsfsi
 .text          0x0108237c        0x0 c:/programas/altera/13.0sp1/nios2eds/bin/gnu/h-i686-mingw32/bin/../lib/gcc/nios2-elf/4.1.2\libgcc.a(_thenan_sf.o)
 .text          0x0108237c      0x14c c:/programas/altera/13.0sp1/nios2eds/bin/gnu/h-i686-mingw32/bin/../lib/gcc/nios2-elf/4.1.2\libgcc.a(lib2-divmod.o)
                0x010823f8                __divsi3
                0x01082458                __modsi3
                0x010824b8                __udivsi3
                0x010824c0                __umodsi3
 .text          0x010824c8       0x98 c:/programas/altera/13.0sp1/nios2eds/bin/gnu/h-i686-mingw32/bin/../lib/gcc/nios2-elf/4.1.2\libgcc.a(_muldi3.o)
                0x010824c8                __muldi3
 .text          0x01082560       0x80 c:/programas/altera/13.0sp1/nios2eds/bin/gnu/h-i686-mingw32/bin/../lib/gcc/nios2-elf/4.1.2\libgcc.a(_clzsi2.o)
                0x01082560                __clzsi2
 .text          0x010825e0      0x160 c:/programas/altera/13.0sp1/nios2eds/bin/gnu/h-i686-mingw32/bin/../lib/gcc/nios2-elf/4.1.2\libgcc.a(_pack_sf.o)
                0x010825e0                __pack_f
 .text          0x01082740       0xc8 c:/programas/altera/13.0sp1/nios2eds/bin/gnu/h-i686-mingw32/bin/../lib/gcc/nios2-elf/4.1.2\libgcc.a(_unpack_sf.o)
                0x01082740                __unpack_f
 .text          0x01082808       0xa8 c:/programas/altera/13.0sp1/nios2eds/bin/gnu/h-i686-mingw32/bin/../lib/gcc/nios2-elf/4.1.2\libgcc.a(_fpcmp_parts_sf.o)
                0x01082808                __fpcmp_parts_f
 .text          0x010828b0        0x0 c:/programas/altera/13.0sp1/nios2eds/bin/gnu/h-i686-mingw32/bin/../lib/gcc/nios2-elf/4.1.2\libgcc.a(_clz.o)
 .text          0x010828b0       0x98 c:/programas/altera/13.0sp1/nios2eds/bin/gnu/h-i686-mingw32/bin/../lib/gcc/nios2-elf/4.1.2/../../../../nios2-elf/lib\libsmallc.a(lib_a-printf.o)
                0x010828b0                printf
                0x01082904                _printf_r
 .text          0x01082948      0x6d4 c:/programas/altera/13.0sp1/nios2eds/bin/gnu/h-i686-mingw32/bin/../lib/gcc/nios2-elf/4.1.2/../../../../nios2-elf/lib\libsmallc.a(lib_a-vfprintf.o)
                0x010829c8                ___vfprintf_internal_r
                0x01082ff8                __vfprintf_internal
 .text          0x0108301c       0xbc c:/programas/altera/13.0sp1/nios2eds/bin/gnu/h-i686-mingw32/bin/../lib/gcc/nios2-elf/4.1.2/../../../../nios2-elf/lib\libsmallc.a(lib_a-fvwrite_small_dev.o)
                0x0108301c                __sfvwrite_small_dev
 .text          0x010830d8        0x0 c:/programas/altera/13.0sp1/nios2eds/bin/gnu/h-i686-mingw32/bin/../lib/gcc/nios2-elf/4.1.2/../../../../nios2-elf/lib\libsmallc.a(lib_a-impure.o)
 .text          0x010830d8       0x20 c:/programas/altera/13.0sp1/nios2eds/bin/gnu/h-i686-mingw32/bin/../lib/gcc/nios2-elf/4.1.2/../../../../nios2-elf/lib\libsmallc.a(lib_a-strlen.o)
                0x010830d8                strlen
 .text          0x010830f8       0x78 c:/programas/altera/13.0sp1/nios2eds/bin/gnu/h-i686-mingw32/bin/../lib/gcc/nios2-elf/4.1.2/../../../../nios2-elf/lib\libsmallc.a(lib_a-writer.o)
                0x010830f8                _write_r
 .text          0x01083170        0x0 c:/programas/altera/13.0sp1/nios2eds/bin/gnu/h-i686-mingw32/bin/../lib/gcc/nios2-elf/4.1.2/../../../../nios2-elf/lib\libsmallc.a(lib_a-int_errno.o)
 .text          0x01083170       0x8c C:/Users/JairoAndres/Documents/Quartus/Projects/puj-ca-de1-audio-pump/system_design/software/audio_pump_t1_bsp/\libhal_bsp.a(alt_load.o)
                0x01083190                alt_load
 .text          0x010831fc       0x2c C:/Users/JairoAndres/Documents/Quartus/Projects/puj-ca-de1-audio-pump/system_design/software/audio_pump_t1_bsp/\libhal_bsp.a(alt_main.o)
                0x010831fc                alt_main
 .text          0x01083228       0x38 C:/Users/JairoAndres/Documents/Quartus/Projects/puj-ca-de1-audio-pump/system_design/software/audio_pump_t1_bsp/\libhal_bsp.a(alt_putstr.o)
                0x01083228                alt_putstr
 .text          0x01083260       0x78 C:/Users/JairoAndres/Documents/Quartus/Projects/puj-ca-de1-audio-pump/system_design/software/audio_pump_t1_bsp/\libhal_bsp.a(alt_write.o)
                0x01083260                write
 .text          0x010832d8       0x24 C:/Users/JairoAndres/Documents/Quartus/Projects/puj-ca-de1-audio-pump/system_design/software/audio_pump_t1_bsp/\libhal_bsp.a(alt_sys_init.o)
                0x010832d8                alt_sys_init
                0x010832dc                alt_irq_init
 .text          0x010832fc       0x34 C:/Users/JairoAndres/Documents/Quartus/Projects/puj-ca-de1-audio-pump/system_design/software/audio_pump_t1_bsp/\libhal_bsp.a(altera_avalon_jtag_uart_write.o)
                0x010832fc                altera_avalon_jtag_uart_write
 .text          0x01083330       0x18 C:/Users/JairoAndres/Documents/Quartus/Projects/puj-ca-de1-audio-pump/system_design/software/audio_pump_t1_bsp/\libhal_bsp.a(alt_dcache_flush_all.o)
                0x01083330                alt_dcache_flush_all
 .text          0x01083348        0x0 C:/Users/JairoAndres/Documents/Quartus/Projects/puj-ca-de1-audio-pump/system_design/software/audio_pump_t1_bsp/\libhal_bsp.a(alt_errno.o)
 .text          0x01083348        0xc C:/Users/JairoAndres/Documents/Quartus/Projects/puj-ca-de1-audio-pump/system_design/software/audio_pump_t1_bsp/\libhal_bsp.a(alt_icache_flush_all.o)
                0x01083348                alt_icache_flush_all
 .text          0x01083354        0x8 C:/Users/JairoAndres/Documents/Quartus/Projects/puj-ca-de1-audio-pump/system_design/software/audio_pump_t1_bsp/\libhal_bsp.a(altera_nios2_qsys_irq.o)
                0x01083354                altera_nios2_qsys_irq_init
 .text          0x0108335c       0x38 C:/Users/JairoAndres/Documents/Quartus/Projects/puj-ca-de1-audio-pump/system_design/software/audio_pump_t1_bsp/\libhal_bsp.a(alt_icache_flush.o)
                0x0108335c                alt_icache_flush
 *(.gnu.warning.*)
 *(.fini)
                0x01083394                PROVIDE (__etext, ABSOLUTE (.))
                0x01083394                PROVIDE (_etext, ABSOLUTE (.))
                0x01083394                PROVIDE (etext, ABSOLUTE (.))
 *(.eh_frame_hdr)
                0x01083394                . = ALIGN (0x4)
                0x01083394                PROVIDE (__preinit_array_start, ABSOLUTE (.))
 *(.preinit_array)
                0x01083394                PROVIDE (__preinit_array_end, ABSOLUTE (.))
                0x01083394                PROVIDE (__init_array_start, ABSOLUTE (.))
 *(.init_array)
                0x01083394                PROVIDE (__init_array_end, ABSOLUTE (.))
                0x01083394                PROVIDE (__fini_array_start, ABSOLUTE (.))
 *(.fini_array)
                0x01083394                PROVIDE (__fini_array_end, ABSOLUTE (.))
 *(.eh_frame)
 *(.gcc_except_table)
 *(.dynamic)
                0x01083394                PROVIDE (__CTOR_LIST__, ABSOLUTE (.))
 *(.ctors)
 *(SORT(.ctors.*))
                0x01083394                PROVIDE (__CTOR_END__, ABSOLUTE (.))
                0x01083394                PROVIDE (__DTOR_LIST__, ABSOLUTE (.))
 *(.dtors)
 *(SORT(.dtors.*))
                0x01083394                PROVIDE (__DTOR_END__, ABSOLUTE (.))
 *(.jcr)
                0x01083394                . = ALIGN (0x4)

.rodata         0x01083394      0x514
                0x01083394                PROVIDE (__ram_rodata_start, ABSOLUTE (.))
                0x01083394                . = ALIGN (0x4)
 *(.rodata .rodata.* .gnu.linkonce.r.*)
 .rodata.str1.4
                0x01083394       0x34 obj/default/hello_world_small.o
 .rodata        0x010833c8      0x398 c:/programas/altera/13.0sp1/nios2eds/bin/gnu/h-i686-mingw32/bin/../lib/gcc/nios2-elf/4.1.2/../../../../nios2-elf/lib\libm.a(lib_a-ef_rem_pio2.o)
 .rodata        0x01083760       0x38 c:/programas/altera/13.0sp1/nios2eds/bin/gnu/h-i686-mingw32/bin/../lib/gcc/nios2-elf/4.1.2/../../../../nios2-elf/lib\libm.a(lib_a-kf_rem_pio2.o)
 .rodata        0x01083798       0x10 c:/programas/altera/13.0sp1/nios2eds/bin/gnu/h-i686-mingw32/bin/../lib/gcc/nios2-elf/4.1.2\libgcc.a(_thenan_sf.o)
                0x01083798                __thenan_sf
 .rodata        0x010837a8      0x100 c:/programas/altera/13.0sp1/nios2eds/bin/gnu/h-i686-mingw32/bin/../lib/gcc/nios2-elf/4.1.2\libgcc.a(_clz.o)
                0x010837a8                __clz_tab
 *(.rodata1)
                0x010838a8                . = ALIGN (0x4)
                0x010838a8                PROVIDE (__ram_rodata_end, ABSOLUTE (.))
                0x01083394                PROVIDE (__flash_rodata_start, LOADADDR (.rodata))

.rwdata         0x010838a8       0xf0 load address 0x01083998
                0x010838a8                PROVIDE (__ram_rwdata_start, ABSOLUTE (.))
                0x010838a8                . = ALIGN (0x4)
 *(.got.plt)
 *(.got)
 *(.data1)
 *(.data .data.* .gnu.linkonce.d.*)
 .data          0x010838a8        0x0 C:/Users/JairoAndres/Documents/Quartus/Projects/puj-ca-de1-audio-pump/system_design/software/audio_pump_t1_bsp//obj/HAL/src/crt0.o
 .data          0x010838a8        0x0 obj/default/hello_world_small.o
 .data          0x010838a8        0x0 obj/default/i2c_opencores.o
 .data          0x010838a8        0x0 c:/programas/altera/13.0sp1/nios2eds/bin/gnu/h-i686-mingw32/bin/../lib/gcc/nios2-elf/4.1.2/../../../../nios2-elf/lib\libm.a(lib_a-sf_sin.o)
 .data          0x010838a8        0x0 c:/programas/altera/13.0sp1/nios2eds/bin/gnu/h-i686-mingw32/bin/../lib/gcc/nios2-elf/4.1.2/../../../../nios2-elf/lib\libm.a(lib_a-ef_rem_pio2.o)
 .data          0x010838a8        0x0 c:/programas/altera/13.0sp1/nios2eds/bin/gnu/h-i686-mingw32/bin/../lib/gcc/nios2-elf/4.1.2/../../../../nios2-elf/lib\libm.a(lib_a-kf_cos.o)
 .data          0x010838a8        0x0 c:/programas/altera/13.0sp1/nios2eds/bin/gnu/h-i686-mingw32/bin/../lib/gcc/nios2-elf/4.1.2/../../../../nios2-elf/lib\libm.a(lib_a-kf_rem_pio2.o)
 .data          0x010838a8        0x0 c:/programas/altera/13.0sp1/nios2eds/bin/gnu/h-i686-mingw32/bin/../lib/gcc/nios2-elf/4.1.2/../../../../nios2-elf/lib\libm.a(lib_a-kf_sin.o)
 .data          0x010838a8        0x0 c:/programas/altera/13.0sp1/nios2eds/bin/gnu/h-i686-mingw32/bin/../lib/gcc/nios2-elf/4.1.2/../../../../nios2-elf/lib\libm.a(lib_a-sf_fabs.o)
 .data          0x010838a8        0x0 c:/programas/altera/13.0sp1/nios2eds/bin/gnu/h-i686-mingw32/bin/../lib/gcc/nios2-elf/4.1.2/../../../../nios2-elf/lib\libm.a(lib_a-sf_floor.o)
 .data          0x010838a8        0x0 c:/programas/altera/13.0sp1/nios2eds/bin/gnu/h-i686-mingw32/bin/../lib/gcc/nios2-elf/4.1.2/../../../../nios2-elf/lib\libm.a(lib_a-sf_scalbn.o)
 .data          0x010838a8        0x0 c:/programas/altera/13.0sp1/nios2eds/bin/gnu/h-i686-mingw32/bin/../lib/gcc/nios2-elf/4.1.2/../../../../nios2-elf/lib\libm.a(lib_a-sf_copysign.o)
 .data          0x010838a8        0x0 c:/programas/altera/13.0sp1/nios2eds/bin/gnu/h-i686-mingw32/bin/../lib/gcc/nios2-elf/4.1.2\libgcc.a(_addsub_sf.o)
 .data          0x010838a8        0x0 c:/programas/altera/13.0sp1/nios2eds/bin/gnu/h-i686-mingw32/bin/../lib/gcc/nios2-elf/4.1.2\libgcc.a(_mul_sf.o)
 .data          0x010838a8        0x0 c:/programas/altera/13.0sp1/nios2eds/bin/gnu/h-i686-mingw32/bin/../lib/gcc/nios2-elf/4.1.2\libgcc.a(_div_sf.o)
 .data          0x010838a8        0x0 c:/programas/altera/13.0sp1/nios2eds/bin/gnu/h-i686-mingw32/bin/../lib/gcc/nios2-elf/4.1.2\libgcc.a(_eq_sf.o)
 .data          0x010838a8        0x0 c:/programas/altera/13.0sp1/nios2eds/bin/gnu/h-i686-mingw32/bin/../lib/gcc/nios2-elf/4.1.2\libgcc.a(_gt_sf.o)
 .data          0x010838a8        0x0 c:/programas/altera/13.0sp1/nios2eds/bin/gnu/h-i686-mingw32/bin/../lib/gcc/nios2-elf/4.1.2\libgcc.a(_ge_sf.o)
 .data          0x010838a8        0x0 c:/programas/altera/13.0sp1/nios2eds/bin/gnu/h-i686-mingw32/bin/../lib/gcc/nios2-elf/4.1.2\libgcc.a(_si_to_sf.o)
 .data          0x010838a8        0x0 c:/programas/altera/13.0sp1/nios2eds/bin/gnu/h-i686-mingw32/bin/../lib/gcc/nios2-elf/4.1.2\libgcc.a(_sf_to_si.o)
 .data          0x010838a8        0x0 c:/programas/altera/13.0sp1/nios2eds/bin/gnu/h-i686-mingw32/bin/../lib/gcc/nios2-elf/4.1.2\libgcc.a(_thenan_sf.o)
 .data          0x010838a8        0x0 c:/programas/altera/13.0sp1/nios2eds/bin/gnu/h-i686-mingw32/bin/../lib/gcc/nios2-elf/4.1.2\libgcc.a(lib2-divmod.o)
 .data          0x010838a8        0x0 c:/programas/altera/13.0sp1/nios2eds/bin/gnu/h-i686-mingw32/bin/../lib/gcc/nios2-elf/4.1.2\libgcc.a(_muldi3.o)
 .data          0x010838a8        0x0 c:/programas/altera/13.0sp1/nios2eds/bin/gnu/h-i686-mingw32/bin/../lib/gcc/nios2-elf/4.1.2\libgcc.a(_clzsi2.o)
 .data          0x010838a8        0x0 c:/programas/altera/13.0sp1/nios2eds/bin/gnu/h-i686-mingw32/bin/../lib/gcc/nios2-elf/4.1.2\libgcc.a(_pack_sf.o)
 .data          0x010838a8        0x0 c:/programas/altera/13.0sp1/nios2eds/bin/gnu/h-i686-mingw32/bin/../lib/gcc/nios2-elf/4.1.2\libgcc.a(_unpack_sf.o)
 .data          0x010838a8        0x0 c:/programas/altera/13.0sp1/nios2eds/bin/gnu/h-i686-mingw32/bin/../lib/gcc/nios2-elf/4.1.2\libgcc.a(_fpcmp_parts_sf.o)
 .data          0x010838a8        0x0 c:/programas/altera/13.0sp1/nios2eds/bin/gnu/h-i686-mingw32/bin/../lib/gcc/nios2-elf/4.1.2\libgcc.a(_clz.o)
 .data          0x010838a8        0x0 c:/programas/altera/13.0sp1/nios2eds/bin/gnu/h-i686-mingw32/bin/../lib/gcc/nios2-elf/4.1.2/../../../../nios2-elf/lib\libsmallc.a(lib_a-printf.o)
 .data          0x010838a8        0x0 c:/programas/altera/13.0sp1/nios2eds/bin/gnu/h-i686-mingw32/bin/../lib/gcc/nios2-elf/4.1.2/../../../../nios2-elf/lib\libsmallc.a(lib_a-vfprintf.o)
 .data          0x010838a8        0x0 c:/programas/altera/13.0sp1/nios2eds/bin/gnu/h-i686-mingw32/bin/../lib/gcc/nios2-elf/4.1.2/../../../../nios2-elf/lib\libsmallc.a(lib_a-fvwrite_small_dev.o)
 .data          0x010838a8       0xe0 c:/programas/altera/13.0sp1/nios2eds/bin/gnu/h-i686-mingw32/bin/../lib/gcc/nios2-elf/4.1.2/../../../../nios2-elf/lib\libsmallc.a(lib_a-impure.o)
 .data          0x01083988        0x0 c:/programas/altera/13.0sp1/nios2eds/bin/gnu/h-i686-mingw32/bin/../lib/gcc/nios2-elf/4.1.2/../../../../nios2-elf/lib\libsmallc.a(lib_a-strlen.o)
 .data          0x01083988        0x0 c:/programas/altera/13.0sp1/nios2eds/bin/gnu/h-i686-mingw32/bin/../lib/gcc/nios2-elf/4.1.2/../../../../nios2-elf/lib\libsmallc.a(lib_a-writer.o)
 .data          0x01083988        0x0 c:/programas/altera/13.0sp1/nios2eds/bin/gnu/h-i686-mingw32/bin/../lib/gcc/nios2-elf/4.1.2/../../../../nios2-elf/lib\libsmallc.a(lib_a-int_errno.o)
 .data          0x01083988        0x0 C:/Users/JairoAndres/Documents/Quartus/Projects/puj-ca-de1-audio-pump/system_design/software/audio_pump_t1_bsp/\libhal_bsp.a(alt_load.o)
 .data          0x01083988        0x0 C:/Users/JairoAndres/Documents/Quartus/Projects/puj-ca-de1-audio-pump/system_design/software/audio_pump_t1_bsp/\libhal_bsp.a(alt_main.o)
 .data          0x01083988        0x0 C:/Users/JairoAndres/Documents/Quartus/Projects/puj-ca-de1-audio-pump/system_design/software/audio_pump_t1_bsp/\libhal_bsp.a(alt_putstr.o)
 .data          0x01083988        0x0 C:/Users/JairoAndres/Documents/Quartus/Projects/puj-ca-de1-audio-pump/system_design/software/audio_pump_t1_bsp/\libhal_bsp.a(alt_write.o)
 .data          0x01083988        0x0 C:/Users/JairoAndres/Documents/Quartus/Projects/puj-ca-de1-audio-pump/system_design/software/audio_pump_t1_bsp/\libhal_bsp.a(alt_sys_init.o)
 .data          0x01083988        0x0 C:/Users/JairoAndres/Documents/Quartus/Projects/puj-ca-de1-audio-pump/system_design/software/audio_pump_t1_bsp/\libhal_bsp.a(altera_avalon_jtag_uart_write.o)
 .data          0x01083988        0x0 C:/Users/JairoAndres/Documents/Quartus/Projects/puj-ca-de1-audio-pump/system_design/software/audio_pump_t1_bsp/\libhal_bsp.a(alt_dcache_flush_all.o)
 .data          0x01083988        0x0 C:/Users/JairoAndres/Documents/Quartus/Projects/puj-ca-de1-audio-pump/system_design/software/audio_pump_t1_bsp/\libhal_bsp.a(alt_errno.o)
 .data          0x01083988        0x0 C:/Users/JairoAndres/Documents/Quartus/Projects/puj-ca-de1-audio-pump/system_design/software/audio_pump_t1_bsp/\libhal_bsp.a(alt_icache_flush_all.o)
 .data          0x01083988        0x0 C:/Users/JairoAndres/Documents/Quartus/Projects/puj-ca-de1-audio-pump/system_design/software/audio_pump_t1_bsp/\libhal_bsp.a(altera_nios2_qsys_irq.o)
 .data          0x01083988        0x0 C:/Users/JairoAndres/Documents/Quartus/Projects/puj-ca-de1-audio-pump/system_design/software/audio_pump_t1_bsp/\libhal_bsp.a(alt_icache_flush.o)
                0x0108b988                _gp = ABSOLUTE ((. + 0x8000))
                0x0108b988                PROVIDE (gp, _gp)
 *(.rwdata .rwdata.*)
 *(.sdata .sdata.* .gnu.linkonce.s.*)
 .sdata         0x01083988        0x8 c:/programas/altera/13.0sp1/nios2eds/bin/gnu/h-i686-mingw32/bin/../lib/gcc/nios2-elf/4.1.2/../../../../nios2-elf/lib\libsmallc.a(lib_a-impure.o)
                0x01083988                _impure_ptr
                0x0108398c                _global_impure_ptr
 .sdata         0x01083990        0x4 C:/Users/JairoAndres/Documents/Quartus/Projects/puj-ca-de1-audio-pump/system_design/software/audio_pump_t1_bsp/\libhal_bsp.a(alt_sys_init.o)
                0x01083990                jtag0
 .sdata         0x01083994        0x4 C:/Users/JairoAndres/Documents/Quartus/Projects/puj-ca-de1-audio-pump/system_design/software/audio_pump_t1_bsp/\libhal_bsp.a(alt_errno.o)
                0x01083994                alt_errno
 *(.sdata2 .sdata2.* .gnu.linkonce.s2.*)
                0x01083998                . = ALIGN (0x4)
                0x01083998                _edata = ABSOLUTE (.)
                0x01083998                PROVIDE (edata, ABSOLUTE (.))
                0x01083998                PROVIDE (__ram_rwdata_end, ABSOLUTE (.))
                0x01083998                PROVIDE (__flash_rwdata_start, LOADADDR (.rwdata))

.bss            0x01083a88      0x170
                0x01083a88                __bss_start = ABSOLUTE (.)
                0x01083a88                PROVIDE (__sbss_start, ABSOLUTE (.))
                0x01083a88                PROVIDE (___sbss_start, ABSOLUTE (.))
 *(.dynsbss)
 *(.sbss .sbss.* .gnu.linkonce.sb.*)
 .sbss          0x01083a88        0x4 c:/programas/altera/13.0sp1/nios2eds/bin/gnu/h-i686-mingw32/bin/../lib/gcc/nios2-elf/4.1.2/../../../../nios2-elf/lib\libsmallc.a(lib_a-int_errno.o)
                0x01083a88                errno
 .sbss          0x01083a8c        0xc C:/Users/JairoAndres/Documents/Quartus/Projects/puj-ca-de1-audio-pump/system_design/software/audio_pump_t1_bsp/\libhal_bsp.a(alt_main.o)
                0x01083a8c                alt_argc
                0x01083a90                alt_argv
                0x01083a94                alt_envp
 *(.sbss2 .sbss2.* .gnu.linkonce.sb2.*)
 *(.scommon)
                0x01083a98                PROVIDE (__sbss_end, ABSOLUTE (.))
                0x01083a98                PROVIDE (___sbss_end, ABSOLUTE (.))
 *(.dynbss)
 *(.bss .bss.* .gnu.linkonce.b.*)
 .bss           0x01083a98        0x0 C:/Users/JairoAndres/Documents/Quartus/Projects/puj-ca-de1-audio-pump/system_design/software/audio_pump_t1_bsp//obj/HAL/src/crt0.o
 .bss           0x01083a98        0x0 obj/default/hello_world_small.o
 .bss           0x01083a98        0x0 obj/default/i2c_opencores.o
 .bss           0x01083a98        0x0 c:/programas/altera/13.0sp1/nios2eds/bin/gnu/h-i686-mingw32/bin/../lib/gcc/nios2-elf/4.1.2/../../../../nios2-elf/lib\libm.a(lib_a-sf_sin.o)
 .bss           0x01083a98        0x0 c:/programas/altera/13.0sp1/nios2eds/bin/gnu/h-i686-mingw32/bin/../lib/gcc/nios2-elf/4.1.2/../../../../nios2-elf/lib\libm.a(lib_a-ef_rem_pio2.o)
 .bss           0x01083a98        0x0 c:/programas/altera/13.0sp1/nios2eds/bin/gnu/h-i686-mingw32/bin/../lib/gcc/nios2-elf/4.1.2/../../../../nios2-elf/lib\libm.a(lib_a-kf_cos.o)
 .bss           0x01083a98        0x0 c:/programas/altera/13.0sp1/nios2eds/bin/gnu/h-i686-mingw32/bin/../lib/gcc/nios2-elf/4.1.2/../../../../nios2-elf/lib\libm.a(lib_a-kf_rem_pio2.o)
 .bss           0x01083a98        0x0 c:/programas/altera/13.0sp1/nios2eds/bin/gnu/h-i686-mingw32/bin/../lib/gcc/nios2-elf/4.1.2/../../../../nios2-elf/lib\libm.a(lib_a-kf_sin.o)
 .bss           0x01083a98        0x0 c:/programas/altera/13.0sp1/nios2eds/bin/gnu/h-i686-mingw32/bin/../lib/gcc/nios2-elf/4.1.2/../../../../nios2-elf/lib\libm.a(lib_a-sf_fabs.o)
 .bss           0x01083a98        0x0 c:/programas/altera/13.0sp1/nios2eds/bin/gnu/h-i686-mingw32/bin/../lib/gcc/nios2-elf/4.1.2/../../../../nios2-elf/lib\libm.a(lib_a-sf_floor.o)
 .bss           0x01083a98        0x0 c:/programas/altera/13.0sp1/nios2eds/bin/gnu/h-i686-mingw32/bin/../lib/gcc/nios2-elf/4.1.2/../../../../nios2-elf/lib\libm.a(lib_a-sf_scalbn.o)
 .bss           0x01083a98        0x0 c:/programas/altera/13.0sp1/nios2eds/bin/gnu/h-i686-mingw32/bin/../lib/gcc/nios2-elf/4.1.2/../../../../nios2-elf/lib\libm.a(lib_a-sf_copysign.o)
 .bss           0x01083a98        0x0 c:/programas/altera/13.0sp1/nios2eds/bin/gnu/h-i686-mingw32/bin/../lib/gcc/nios2-elf/4.1.2\libgcc.a(_addsub_sf.o)
 .bss           0x01083a98        0x0 c:/programas/altera/13.0sp1/nios2eds/bin/gnu/h-i686-mingw32/bin/../lib/gcc/nios2-elf/4.1.2\libgcc.a(_mul_sf.o)
 .bss           0x01083a98        0x0 c:/programas/altera/13.0sp1/nios2eds/bin/gnu/h-i686-mingw32/bin/../lib/gcc/nios2-elf/4.1.2\libgcc.a(_div_sf.o)
 .bss           0x01083a98        0x0 c:/programas/altera/13.0sp1/nios2eds/bin/gnu/h-i686-mingw32/bin/../lib/gcc/nios2-elf/4.1.2\libgcc.a(_eq_sf.o)
 .bss           0x01083a98        0x0 c:/programas/altera/13.0sp1/nios2eds/bin/gnu/h-i686-mingw32/bin/../lib/gcc/nios2-elf/4.1.2\libgcc.a(_gt_sf.o)
 .bss           0x01083a98        0x0 c:/programas/altera/13.0sp1/nios2eds/bin/gnu/h-i686-mingw32/bin/../lib/gcc/nios2-elf/4.1.2\libgcc.a(_ge_sf.o)
 .bss           0x01083a98        0x0 c:/programas/altera/13.0sp1/nios2eds/bin/gnu/h-i686-mingw32/bin/../lib/gcc/nios2-elf/4.1.2\libgcc.a(_si_to_sf.o)
 .bss           0x01083a98        0x0 c:/programas/altera/13.0sp1/nios2eds/bin/gnu/h-i686-mingw32/bin/../lib/gcc/nios2-elf/4.1.2\libgcc.a(_sf_to_si.o)
 .bss           0x01083a98        0x0 c:/programas/altera/13.0sp1/nios2eds/bin/gnu/h-i686-mingw32/bin/../lib/gcc/nios2-elf/4.1.2\libgcc.a(_thenan_sf.o)
 .bss           0x01083a98        0x0 c:/programas/altera/13.0sp1/nios2eds/bin/gnu/h-i686-mingw32/bin/../lib/gcc/nios2-elf/4.1.2\libgcc.a(lib2-divmod.o)
 .bss           0x01083a98        0x0 c:/programas/altera/13.0sp1/nios2eds/bin/gnu/h-i686-mingw32/bin/../lib/gcc/nios2-elf/4.1.2\libgcc.a(_muldi3.o)
 .bss           0x01083a98        0x0 c:/programas/altera/13.0sp1/nios2eds/bin/gnu/h-i686-mingw32/bin/../lib/gcc/nios2-elf/4.1.2\libgcc.a(_clzsi2.o)
 .bss           0x01083a98        0x0 c:/programas/altera/13.0sp1/nios2eds/bin/gnu/h-i686-mingw32/bin/../lib/gcc/nios2-elf/4.1.2\libgcc.a(_pack_sf.o)
 .bss           0x01083a98        0x0 c:/programas/altera/13.0sp1/nios2eds/bin/gnu/h-i686-mingw32/bin/../lib/gcc/nios2-elf/4.1.2\libgcc.a(_unpack_sf.o)
 .bss           0x01083a98        0x0 c:/programas/altera/13.0sp1/nios2eds/bin/gnu/h-i686-mingw32/bin/../lib/gcc/nios2-elf/4.1.2\libgcc.a(_fpcmp_parts_sf.o)
 .bss           0x01083a98        0x0 c:/programas/altera/13.0sp1/nios2eds/bin/gnu/h-i686-mingw32/bin/../lib/gcc/nios2-elf/4.1.2\libgcc.a(_clz.o)
 .bss           0x01083a98        0x0 c:/programas/altera/13.0sp1/nios2eds/bin/gnu/h-i686-mingw32/bin/../lib/gcc/nios2-elf/4.1.2/../../../../nios2-elf/lib\libsmallc.a(lib_a-printf.o)
 .bss           0x01083a98        0x0 c:/programas/altera/13.0sp1/nios2eds/bin/gnu/h-i686-mingw32/bin/../lib/gcc/nios2-elf/4.1.2/../../../../nios2-elf/lib\libsmallc.a(lib_a-vfprintf.o)
 .bss           0x01083a98        0x0 c:/programas/altera/13.0sp1/nios2eds/bin/gnu/h-i686-mingw32/bin/../lib/gcc/nios2-elf/4.1.2/../../../../nios2-elf/lib\libsmallc.a(lib_a-fvwrite_small_dev.o)
 .bss           0x01083a98        0x0 c:/programas/altera/13.0sp1/nios2eds/bin/gnu/h-i686-mingw32/bin/../lib/gcc/nios2-elf/4.1.2/../../../../nios2-elf/lib\libsmallc.a(lib_a-impure.o)
 .bss           0x01083a98        0x0 c:/programas/altera/13.0sp1/nios2eds/bin/gnu/h-i686-mingw32/bin/../lib/gcc/nios2-elf/4.1.2/../../../../nios2-elf/lib\libsmallc.a(lib_a-strlen.o)
 .bss           0x01083a98        0x0 c:/programas/altera/13.0sp1/nios2eds/bin/gnu/h-i686-mingw32/bin/../lib/gcc/nios2-elf/4.1.2/../../../../nios2-elf/lib\libsmallc.a(lib_a-writer.o)
 .bss           0x01083a98        0x0 c:/programas/altera/13.0sp1/nios2eds/bin/gnu/h-i686-mingw32/bin/../lib/gcc/nios2-elf/4.1.2/../../../../nios2-elf/lib\libsmallc.a(lib_a-int_errno.o)
 .bss           0x01083a98        0x0 C:/Users/JairoAndres/Documents/Quartus/Projects/puj-ca-de1-audio-pump/system_design/software/audio_pump_t1_bsp/\libhal_bsp.a(alt_load.o)
 .bss           0x01083a98        0x0 C:/Users/JairoAndres/Documents/Quartus/Projects/puj-ca-de1-audio-pump/system_design/software/audio_pump_t1_bsp/\libhal_bsp.a(alt_main.o)
 .bss           0x01083a98        0x0 C:/Users/JairoAndres/Documents/Quartus/Projects/puj-ca-de1-audio-pump/system_design/software/audio_pump_t1_bsp/\libhal_bsp.a(alt_putstr.o)
 .bss           0x01083a98        0x0 C:/Users/JairoAndres/Documents/Quartus/Projects/puj-ca-de1-audio-pump/system_design/software/audio_pump_t1_bsp/\libhal_bsp.a(alt_write.o)
 .bss           0x01083a98        0x0 C:/Users/JairoAndres/Documents/Quartus/Projects/puj-ca-de1-audio-pump/system_design/software/audio_pump_t1_bsp/\libhal_bsp.a(alt_sys_init.o)
 .bss           0x01083a98        0x0 C:/Users/JairoAndres/Documents/Quartus/Projects/puj-ca-de1-audio-pump/system_design/software/audio_pump_t1_bsp/\libhal_bsp.a(altera_avalon_jtag_uart_write.o)
 .bss           0x01083a98        0x0 C:/Users/JairoAndres/Documents/Quartus/Projects/puj-ca-de1-audio-pump/system_design/software/audio_pump_t1_bsp/\libhal_bsp.a(alt_dcache_flush_all.o)
 .bss           0x01083a98        0x0 C:/Users/JairoAndres/Documents/Quartus/Projects/puj-ca-de1-audio-pump/system_design/software/audio_pump_t1_bsp/\libhal_bsp.a(alt_errno.o)
 .bss           0x01083a98        0x0 C:/Users/JairoAndres/Documents/Quartus/Projects/puj-ca-de1-audio-pump/system_design/software/audio_pump_t1_bsp/\libhal_bsp.a(alt_icache_flush_all.o)
 .bss           0x01083a98        0x0 C:/Users/JairoAndres/Documents/Quartus/Projects/puj-ca-de1-audio-pump/system_design/software/audio_pump_t1_bsp/\libhal_bsp.a(altera_nios2_qsys_irq.o)
 .bss           0x01083a98        0x0 C:/Users/JairoAndres/Documents/Quartus/Projects/puj-ca-de1-audio-pump/system_design/software/audio_pump_t1_bsp/\libhal_bsp.a(alt_icache_flush.o)
 *(COMMON)
 COMMON         0x01083a98      0x160 obj/default/hello_world_small.o
                0x01083a98                wave
                0x01083bf8                . = ALIGN (0x4)
                0x01083bf8                __bss_end = ABSOLUTE (.)

.sdram0         0x00800000        0x0 load address 0x01083bf8
                0x00800000                PROVIDE (_alt_partition_sdram0_start, ABSOLUTE (.))
 *(.sdram0. sdram0.*)
                0x00800000                . = ALIGN (0x4)
                0x00800000                PROVIDE (_alt_partition_sdram0_end, ABSOLUTE (.))
                0x01083bf8                PROVIDE (_alt_partition_sdram0_load_addr, LOADADDR (.sdram0))

.sram0          0x01083bf8        0x0
                0x01083bf8                PROVIDE (_alt_partition_sram0_start, ABSOLUTE (.))
 *(.sram0. sram0.*)
                0x01083bf8                . = ALIGN (0x4)
                0x01083bf8                PROVIDE (_alt_partition_sram0_end, ABSOLUTE (.))
                0x01083bf8                _end = ABSOLUTE (.)
                0x01083bf8                end = ABSOLUTE (.)
                0x01083bf8                __alt_stack_base = ABSOLUTE (.)
                0x01083bf8                PROVIDE (_alt_partition_sram0_load_addr, LOADADDR (.sram0))

.stab
 *(.stab)

.stabstr
 *(.stabstr)

.stab.excl
 *(.stab.excl)

.stab.exclstr
 *(.stab.exclstr)

.stab.index
 *(.stab.index)

.stab.indexstr
 *(.stab.indexstr)

.comment        0x00000000       0x26
 *(.comment)
 .comment       0x00000000       0x26 obj/default/hello_world_small.o
                                 0x27 (size before relaxing)
 .comment       0x00000000       0x27 obj/default/i2c_opencores.o
 .comment       0x00000000       0x27 c:/programas/altera/13.0sp1/nios2eds/bin/gnu/h-i686-mingw32/bin/../lib/gcc/nios2-elf/4.1.2/../../../../nios2-elf/lib\libm.a(lib_a-sf_sin.o)
 .comment       0x00000000       0x27 c:/programas/altera/13.0sp1/nios2eds/bin/gnu/h-i686-mingw32/bin/../lib/gcc/nios2-elf/4.1.2/../../../../nios2-elf/lib\libm.a(lib_a-ef_rem_pio2.o)
 .comment       0x00000000       0x27 c:/programas/altera/13.0sp1/nios2eds/bin/gnu/h-i686-mingw32/bin/../lib/gcc/nios2-elf/4.1.2/../../../../nios2-elf/lib\libm.a(lib_a-kf_cos.o)
 .comment       0x00000000       0x27 c:/programas/altera/13.0sp1/nios2eds/bin/gnu/h-i686-mingw32/bin/../lib/gcc/nios2-elf/4.1.2/../../../../nios2-elf/lib\libm.a(lib_a-kf_rem_pio2.o)
 .comment       0x00000000       0x27 c:/programas/altera/13.0sp1/nios2eds/bin/gnu/h-i686-mingw32/bin/../lib/gcc/nios2-elf/4.1.2/../../../../nios2-elf/lib\libm.a(lib_a-kf_sin.o)
 .comment       0x00000000       0x27 c:/programas/altera/13.0sp1/nios2eds/bin/gnu/h-i686-mingw32/bin/../lib/gcc/nios2-elf/4.1.2/../../../../nios2-elf/lib\libm.a(lib_a-sf_fabs.o)
 .comment       0x00000000       0x27 c:/programas/altera/13.0sp1/nios2eds/bin/gnu/h-i686-mingw32/bin/../lib/gcc/nios2-elf/4.1.2/../../../../nios2-elf/lib\libm.a(lib_a-sf_floor.o)
 .comment       0x00000000       0x27 c:/programas/altera/13.0sp1/nios2eds/bin/gnu/h-i686-mingw32/bin/../lib/gcc/nios2-elf/4.1.2/../../../../nios2-elf/lib\libm.a(lib_a-sf_scalbn.o)
 .comment       0x00000000       0x27 c:/programas/altera/13.0sp1/nios2eds/bin/gnu/h-i686-mingw32/bin/../lib/gcc/nios2-elf/4.1.2/../../../../nios2-elf/lib\libm.a(lib_a-sf_copysign.o)
 .comment       0x00000000       0x27 c:/programas/altera/13.0sp1/nios2eds/bin/gnu/h-i686-mingw32/bin/../lib/gcc/nios2-elf/4.1.2\libgcc.a(_addsub_sf.o)
 .comment       0x00000000       0x27 c:/programas/altera/13.0sp1/nios2eds/bin/gnu/h-i686-mingw32/bin/../lib/gcc/nios2-elf/4.1.2\libgcc.a(_mul_sf.o)
 .comment       0x00000000       0x27 c:/programas/altera/13.0sp1/nios2eds/bin/gnu/h-i686-mingw32/bin/../lib/gcc/nios2-elf/4.1.2\libgcc.a(_div_sf.o)
 .comment       0x00000000       0x27 c:/programas/altera/13.0sp1/nios2eds/bin/gnu/h-i686-mingw32/bin/../lib/gcc/nios2-elf/4.1.2\libgcc.a(_eq_sf.o)
 .comment       0x00000000       0x27 c:/programas/altera/13.0sp1/nios2eds/bin/gnu/h-i686-mingw32/bin/../lib/gcc/nios2-elf/4.1.2\libgcc.a(_gt_sf.o)
 .comment       0x00000000       0x27 c:/programas/altera/13.0sp1/nios2eds/bin/gnu/h-i686-mingw32/bin/../lib/gcc/nios2-elf/4.1.2\libgcc.a(_ge_sf.o)
 .comment       0x00000000       0x27 c:/programas/altera/13.0sp1/nios2eds/bin/gnu/h-i686-mingw32/bin/../lib/gcc/nios2-elf/4.1.2\libgcc.a(_si_to_sf.o)
 .comment       0x00000000       0x27 c:/programas/altera/13.0sp1/nios2eds/bin/gnu/h-i686-mingw32/bin/../lib/gcc/nios2-elf/4.1.2\libgcc.a(_sf_to_si.o)
 .comment       0x00000000       0x27 c:/programas/altera/13.0sp1/nios2eds/bin/gnu/h-i686-mingw32/bin/../lib/gcc/nios2-elf/4.1.2\libgcc.a(_thenan_sf.o)
 .comment       0x00000000       0x27 c:/programas/altera/13.0sp1/nios2eds/bin/gnu/h-i686-mingw32/bin/../lib/gcc/nios2-elf/4.1.2\libgcc.a(lib2-divmod.o)
 .comment       0x00000000       0x27 c:/programas/altera/13.0sp1/nios2eds/bin/gnu/h-i686-mingw32/bin/../lib/gcc/nios2-elf/4.1.2\libgcc.a(_muldi3.o)
 .comment       0x00000000       0x27 c:/programas/altera/13.0sp1/nios2eds/bin/gnu/h-i686-mingw32/bin/../lib/gcc/nios2-elf/4.1.2\libgcc.a(_clzsi2.o)
 .comment       0x00000000       0x27 c:/programas/altera/13.0sp1/nios2eds/bin/gnu/h-i686-mingw32/bin/../lib/gcc/nios2-elf/4.1.2\libgcc.a(_pack_sf.o)
 .comment       0x00000000       0x27 c:/programas/altera/13.0sp1/nios2eds/bin/gnu/h-i686-mingw32/bin/../lib/gcc/nios2-elf/4.1.2\libgcc.a(_unpack_sf.o)
 .comment       0x00000000       0x27 c:/programas/altera/13.0sp1/nios2eds/bin/gnu/h-i686-mingw32/bin/../lib/gcc/nios2-elf/4.1.2\libgcc.a(_fpcmp_parts_sf.o)
 .comment       0x00000000       0x27 c:/programas/altera/13.0sp1/nios2eds/bin/gnu/h-i686-mingw32/bin/../lib/gcc/nios2-elf/4.1.2\libgcc.a(_clz.o)
 .comment       0x00000000       0x27 c:/programas/altera/13.0sp1/nios2eds/bin/gnu/h-i686-mingw32/bin/../lib/gcc/nios2-elf/4.1.2/../../../../nios2-elf/lib\libsmallc.a(lib_a-printf.o)
 .comment       0x00000000       0x27 c:/programas/altera/13.0sp1/nios2eds/bin/gnu/h-i686-mingw32/bin/../lib/gcc/nios2-elf/4.1.2/../../../../nios2-elf/lib\libsmallc.a(lib_a-vfprintf.o)
 .comment       0x00000000       0x27 c:/programas/altera/13.0sp1/nios2eds/bin/gnu/h-i686-mingw32/bin/../lib/gcc/nios2-elf/4.1.2/../../../../nios2-elf/lib\libsmallc.a(lib_a-fvwrite_small_dev.o)
 .comment       0x00000000       0x27 c:/programas/altera/13.0sp1/nios2eds/bin/gnu/h-i686-mingw32/bin/../lib/gcc/nios2-elf/4.1.2/../../../../nios2-elf/lib\libsmallc.a(lib_a-impure.o)
 .comment       0x00000000       0x27 c:/programas/altera/13.0sp1/nios2eds/bin/gnu/h-i686-mingw32/bin/../lib/gcc/nios2-elf/4.1.2/../../../../nios2-elf/lib\libsmallc.a(lib_a-strlen.o)
 .comment       0x00000000       0x27 c:/programas/altera/13.0sp1/nios2eds/bin/gnu/h-i686-mingw32/bin/../lib/gcc/nios2-elf/4.1.2/../../../../nios2-elf/lib\libsmallc.a(lib_a-writer.o)
 .comment       0x00000000       0x27 c:/programas/altera/13.0sp1/nios2eds/bin/gnu/h-i686-mingw32/bin/../lib/gcc/nios2-elf/4.1.2/../../../../nios2-elf/lib\libsmallc.a(lib_a-int_errno.o)
 .comment       0x00000000       0x27 C:/Users/JairoAndres/Documents/Quartus/Projects/puj-ca-de1-audio-pump/system_design/software/audio_pump_t1_bsp/\libhal_bsp.a(alt_load.o)
 .comment       0x00000000       0x27 C:/Users/JairoAndres/Documents/Quartus/Projects/puj-ca-de1-audio-pump/system_design/software/audio_pump_t1_bsp/\libhal_bsp.a(alt_main.o)
 .comment       0x00000000       0x27 C:/Users/JairoAndres/Documents/Quartus/Projects/puj-ca-de1-audio-pump/system_design/software/audio_pump_t1_bsp/\libhal_bsp.a(alt_putstr.o)
 .comment       0x00000000       0x27 C:/Users/JairoAndres/Documents/Quartus/Projects/puj-ca-de1-audio-pump/system_design/software/audio_pump_t1_bsp/\libhal_bsp.a(alt_write.o)
 .comment       0x00000000       0x27 C:/Users/JairoAndres/Documents/Quartus/Projects/puj-ca-de1-audio-pump/system_design/software/audio_pump_t1_bsp/\libhal_bsp.a(alt_sys_init.o)
 .comment       0x00000000       0x27 C:/Users/JairoAndres/Documents/Quartus/Projects/puj-ca-de1-audio-pump/system_design/software/audio_pump_t1_bsp/\libhal_bsp.a(altera_avalon_jtag_uart_write.o)
 .comment       0x00000000       0x27 C:/Users/JairoAndres/Documents/Quartus/Projects/puj-ca-de1-audio-pump/system_design/software/audio_pump_t1_bsp/\libhal_bsp.a(alt_dcache_flush_all.o)
 .comment       0x00000000       0x27 C:/Users/JairoAndres/Documents/Quartus/Projects/puj-ca-de1-audio-pump/system_design/software/audio_pump_t1_bsp/\libhal_bsp.a(alt_errno.o)
 .comment       0x00000000       0x27 C:/Users/JairoAndres/Documents/Quartus/Projects/puj-ca-de1-audio-pump/system_design/software/audio_pump_t1_bsp/\libhal_bsp.a(alt_icache_flush_all.o)
 .comment       0x00000000       0x27 C:/Users/JairoAndres/Documents/Quartus/Projects/puj-ca-de1-audio-pump/system_design/software/audio_pump_t1_bsp/\libhal_bsp.a(altera_nios2_qsys_irq.o)
 .comment       0x00000000       0x27 C:/Users/JairoAndres/Documents/Quartus/Projects/puj-ca-de1-audio-pump/system_design/software/audio_pump_t1_bsp/\libhal_bsp.a(alt_icache_flush.o)

.debug
 *(.debug)

.line
 *(.line)

.debug_srcinfo
 *(.debug_srcinfo)

.debug_sfnames
 *(.debug_sfnames)

.debug_aranges  0x00000000      0x528
 *(.debug_aranges)
 .debug_aranges
                0x00000000       0x28 C:/Users/JairoAndres/Documents/Quartus/Projects/puj-ca-de1-audio-pump/system_design/software/audio_pump_t1_bsp//obj/HAL/src/crt0.o
 .debug_aranges
                0x00000028       0x20 obj/default/hello_world_small.o
 .debug_aranges
                0x00000048       0x20 obj/default/i2c_opencores.o
 .debug_aranges
                0x00000068       0x20 c:/programas/altera/13.0sp1/nios2eds/bin/gnu/h-i686-mingw32/bin/../lib/gcc/nios2-elf/4.1.2/../../../../nios2-elf/lib\libm.a(lib_a-sf_sin.o)
 .debug_aranges
                0x00000088       0x20 c:/programas/altera/13.0sp1/nios2eds/bin/gnu/h-i686-mingw32/bin/../lib/gcc/nios2-elf/4.1.2/../../../../nios2-elf/lib\libm.a(lib_a-ef_rem_pio2.o)
 .debug_aranges
                0x000000a8       0x20 c:/programas/altera/13.0sp1/nios2eds/bin/gnu/h-i686-mingw32/bin/../lib/gcc/nios2-elf/4.1.2/../../../../nios2-elf/lib\libm.a(lib_a-kf_cos.o)
 .debug_aranges
                0x000000c8       0x20 c:/programas/altera/13.0sp1/nios2eds/bin/gnu/h-i686-mingw32/bin/../lib/gcc/nios2-elf/4.1.2/../../../../nios2-elf/lib\libm.a(lib_a-kf_rem_pio2.o)
 .debug_aranges
                0x000000e8       0x20 c:/programas/altera/13.0sp1/nios2eds/bin/gnu/h-i686-mingw32/bin/../lib/gcc/nios2-elf/4.1.2/../../../../nios2-elf/lib\libm.a(lib_a-kf_sin.o)
 .debug_aranges
                0x00000108       0x20 c:/programas/altera/13.0sp1/nios2eds/bin/gnu/h-i686-mingw32/bin/../lib/gcc/nios2-elf/4.1.2/../../../../nios2-elf/lib\libm.a(lib_a-sf_fabs.o)
 .debug_aranges
                0x00000128       0x20 c:/programas/altera/13.0sp1/nios2eds/bin/gnu/h-i686-mingw32/bin/../lib/gcc/nios2-elf/4.1.2/../../../../nios2-elf/lib\libm.a(lib_a-sf_floor.o)
 .debug_aranges
                0x00000148       0x20 c:/programas/altera/13.0sp1/nios2eds/bin/gnu/h-i686-mingw32/bin/../lib/gcc/nios2-elf/4.1.2/../../../../nios2-elf/lib\libm.a(lib_a-sf_scalbn.o)
 .debug_aranges
                0x00000168       0x20 c:/programas/altera/13.0sp1/nios2eds/bin/gnu/h-i686-mingw32/bin/../lib/gcc/nios2-elf/4.1.2/../../../../nios2-elf/lib\libm.a(lib_a-sf_copysign.o)
 .debug_aranges
                0x00000188       0x20 c:/programas/altera/13.0sp1/nios2eds/bin/gnu/h-i686-mingw32/bin/../lib/gcc/nios2-elf/4.1.2\libgcc.a(_addsub_sf.o)
 .debug_aranges
                0x000001a8       0x20 c:/programas/altera/13.0sp1/nios2eds/bin/gnu/h-i686-mingw32/bin/../lib/gcc/nios2-elf/4.1.2\libgcc.a(_mul_sf.o)
 .debug_aranges
                0x000001c8       0x20 c:/programas/altera/13.0sp1/nios2eds/bin/gnu/h-i686-mingw32/bin/../lib/gcc/nios2-elf/4.1.2\libgcc.a(_div_sf.o)
 .debug_aranges
                0x000001e8       0x20 c:/programas/altera/13.0sp1/nios2eds/bin/gnu/h-i686-mingw32/bin/../lib/gcc/nios2-elf/4.1.2\libgcc.a(_eq_sf.o)
 .debug_aranges
                0x00000208       0x20 c:/programas/altera/13.0sp1/nios2eds/bin/gnu/h-i686-mingw32/bin/../lib/gcc/nios2-elf/4.1.2\libgcc.a(_gt_sf.o)
 .debug_aranges
                0x00000228       0x20 c:/programas/altera/13.0sp1/nios2eds/bin/gnu/h-i686-mingw32/bin/../lib/gcc/nios2-elf/4.1.2\libgcc.a(_ge_sf.o)
 .debug_aranges
                0x00000248       0x20 c:/programas/altera/13.0sp1/nios2eds/bin/gnu/h-i686-mingw32/bin/../lib/gcc/nios2-elf/4.1.2\libgcc.a(_si_to_sf.o)
 .debug_aranges
                0x00000268       0x20 c:/programas/altera/13.0sp1/nios2eds/bin/gnu/h-i686-mingw32/bin/../lib/gcc/nios2-elf/4.1.2\libgcc.a(_sf_to_si.o)
 .debug_aranges
                0x00000288       0x20 c:/programas/altera/13.0sp1/nios2eds/bin/gnu/h-i686-mingw32/bin/../lib/gcc/nios2-elf/4.1.2\libgcc.a(lib2-divmod.o)
 .debug_aranges
                0x000002a8       0x20 c:/programas/altera/13.0sp1/nios2eds/bin/gnu/h-i686-mingw32/bin/../lib/gcc/nios2-elf/4.1.2\libgcc.a(_muldi3.o)
 .debug_aranges
                0x000002c8       0x20 c:/programas/altera/13.0sp1/nios2eds/bin/gnu/h-i686-mingw32/bin/../lib/gcc/nios2-elf/4.1.2\libgcc.a(_clzsi2.o)
 .debug_aranges
                0x000002e8       0x20 c:/programas/altera/13.0sp1/nios2eds/bin/gnu/h-i686-mingw32/bin/../lib/gcc/nios2-elf/4.1.2\libgcc.a(_pack_sf.o)
 .debug_aranges
                0x00000308       0x20 c:/programas/altera/13.0sp1/nios2eds/bin/gnu/h-i686-mingw32/bin/../lib/gcc/nios2-elf/4.1.2\libgcc.a(_unpack_sf.o)
 .debug_aranges
                0x00000328       0x20 c:/programas/altera/13.0sp1/nios2eds/bin/gnu/h-i686-mingw32/bin/../lib/gcc/nios2-elf/4.1.2\libgcc.a(_fpcmp_parts_sf.o)
 .debug_aranges
                0x00000348       0x20 c:/programas/altera/13.0sp1/nios2eds/bin/gnu/h-i686-mingw32/bin/../lib/gcc/nios2-elf/4.1.2/../../../../nios2-elf/lib\libsmallc.a(lib_a-printf.o)
 .debug_aranges
                0x00000368       0x20 c:/programas/altera/13.0sp1/nios2eds/bin/gnu/h-i686-mingw32/bin/../lib/gcc/nios2-elf/4.1.2/../../../../nios2-elf/lib\libsmallc.a(lib_a-vfprintf.o)
 .debug_aranges
                0x00000388       0x20 c:/programas/altera/13.0sp1/nios2eds/bin/gnu/h-i686-mingw32/bin/../lib/gcc/nios2-elf/4.1.2/../../../../nios2-elf/lib\libsmallc.a(lib_a-fvwrite_small_dev.o)
 .debug_aranges
                0x000003a8       0x20 c:/programas/altera/13.0sp1/nios2eds/bin/gnu/h-i686-mingw32/bin/../lib/gcc/nios2-elf/4.1.2/../../../../nios2-elf/lib\libsmallc.a(lib_a-strlen.o)
 .debug_aranges
                0x000003c8       0x20 c:/programas/altera/13.0sp1/nios2eds/bin/gnu/h-i686-mingw32/bin/../lib/gcc/nios2-elf/4.1.2/../../../../nios2-elf/lib\libsmallc.a(lib_a-writer.o)
 .debug_aranges
                0x000003e8       0x20 C:/Users/JairoAndres/Documents/Quartus/Projects/puj-ca-de1-audio-pump/system_design/software/audio_pump_t1_bsp/\libhal_bsp.a(alt_load.o)
 .debug_aranges
                0x00000408       0x20 C:/Users/JairoAndres/Documents/Quartus/Projects/puj-ca-de1-audio-pump/system_design/software/audio_pump_t1_bsp/\libhal_bsp.a(alt_main.o)
 .debug_aranges
                0x00000428       0x20 C:/Users/JairoAndres/Documents/Quartus/Projects/puj-ca-de1-audio-pump/system_design/software/audio_pump_t1_bsp/\libhal_bsp.a(alt_putstr.o)
 .debug_aranges
                0x00000448       0x20 C:/Users/JairoAndres/Documents/Quartus/Projects/puj-ca-de1-audio-pump/system_design/software/audio_pump_t1_bsp/\libhal_bsp.a(alt_write.o)
 .debug_aranges
                0x00000468       0x20 C:/Users/JairoAndres/Documents/Quartus/Projects/puj-ca-de1-audio-pump/system_design/software/audio_pump_t1_bsp/\libhal_bsp.a(alt_sys_init.o)
 .debug_aranges
                0x00000488       0x20 C:/Users/JairoAndres/Documents/Quartus/Projects/puj-ca-de1-audio-pump/system_design/software/audio_pump_t1_bsp/\libhal_bsp.a(altera_avalon_jtag_uart_write.o)
 .debug_aranges
                0x000004a8       0x20 C:/Users/JairoAndres/Documents/Quartus/Projects/puj-ca-de1-audio-pump/system_design/software/audio_pump_t1_bsp/\libhal_bsp.a(alt_dcache_flush_all.o)
 .debug_aranges
                0x000004c8       0x20 C:/Users/JairoAndres/Documents/Quartus/Projects/puj-ca-de1-audio-pump/system_design/software/audio_pump_t1_bsp/\libhal_bsp.a(alt_icache_flush_all.o)
 .debug_aranges
                0x000004e8       0x20 C:/Users/JairoAndres/Documents/Quartus/Projects/puj-ca-de1-audio-pump/system_design/software/audio_pump_t1_bsp/\libhal_bsp.a(altera_nios2_qsys_irq.o)
 .debug_aranges
                0x00000508       0x20 C:/Users/JairoAndres/Documents/Quartus/Projects/puj-ca-de1-audio-pump/system_design/software/audio_pump_t1_bsp/\libhal_bsp.a(alt_icache_flush.o)

.debug_pubnames
                0x00000000      0x6e8
 *(.debug_pubnames)
 .debug_pubnames
                0x00000000       0x31 obj/default/hello_world_small.o
 .debug_pubnames
                0x00000031       0x48 obj/default/i2c_opencores.o
 .debug_pubnames
                0x00000079       0x1b c:/programas/altera/13.0sp1/nios2eds/bin/gnu/h-i686-mingw32/bin/../lib/gcc/nios2-elf/4.1.2/../../../../nios2-elf/lib\libm.a(lib_a-sf_sin.o)
 .debug_pubnames
                0x00000094       0x2a c:/programas/altera/13.0sp1/nios2eds/bin/gnu/h-i686-mingw32/bin/../lib/gcc/nios2-elf/4.1.2/../../../../nios2-elf/lib\libm.a(lib_a-ef_rem_pio2.o)
 .debug_pubnames
                0x000000be       0x24 c:/programas/altera/13.0sp1/nios2eds/bin/gnu/h-i686-mingw32/bin/../lib/gcc/nios2-elf/4.1.2/../../../../nios2-elf/lib\libm.a(lib_a-kf_cos.o)
 .debug_pubnames
                0x000000e2       0x29 c:/programas/altera/13.0sp1/nios2eds/bin/gnu/h-i686-mingw32/bin/../lib/gcc/nios2-elf/4.1.2/../../../../nios2-elf/lib\libm.a(lib_a-kf_rem_pio2.o)
 .debug_pubnames
                0x0000010b       0x24 c:/programas/altera/13.0sp1/nios2eds/bin/gnu/h-i686-mingw32/bin/../lib/gcc/nios2-elf/4.1.2/../../../../nios2-elf/lib\libm.a(lib_a-kf_sin.o)
 .debug_pubnames
                0x0000012f       0x1c c:/programas/altera/13.0sp1/nios2eds/bin/gnu/h-i686-mingw32/bin/../lib/gcc/nios2-elf/4.1.2/../../../../nios2-elf/lib\libm.a(lib_a-sf_fabs.o)
 .debug_pubnames
                0x0000014b       0x1d c:/programas/altera/13.0sp1/nios2eds/bin/gnu/h-i686-mingw32/bin/../lib/gcc/nios2-elf/4.1.2/../../../../nios2-elf/lib\libm.a(lib_a-sf_floor.o)
 .debug_pubnames
                0x00000168       0x1e c:/programas/altera/13.0sp1/nios2eds/bin/gnu/h-i686-mingw32/bin/../lib/gcc/nios2-elf/4.1.2/../../../../nios2-elf/lib\libm.a(lib_a-sf_scalbn.o)
 .debug_pubnames
                0x00000186       0x20 c:/programas/altera/13.0sp1/nios2eds/bin/gnu/h-i686-mingw32/bin/../lib/gcc/nios2-elf/4.1.2/../../../../nios2-elf/lib\libm.a(lib_a-sf_copysign.o)
 .debug_pubnames
                0x000001a6       0x2c c:/programas/altera/13.0sp1/nios2eds/bin/gnu/h-i686-mingw32/bin/../lib/gcc/nios2-elf/4.1.2\libgcc.a(_addsub_sf.o)
 .debug_pubnames
                0x000001d2       0x1f c:/programas/altera/13.0sp1/nios2eds/bin/gnu/h-i686-mingw32/bin/../lib/gcc/nios2-elf/4.1.2\libgcc.a(_mul_sf.o)
 .debug_pubnames
                0x000001f1       0x1f c:/programas/altera/13.0sp1/nios2eds/bin/gnu/h-i686-mingw32/bin/../lib/gcc/nios2-elf/4.1.2\libgcc.a(_div_sf.o)
 .debug_pubnames
                0x00000210       0x1e c:/programas/altera/13.0sp1/nios2eds/bin/gnu/h-i686-mingw32/bin/../lib/gcc/nios2-elf/4.1.2\libgcc.a(_eq_sf.o)
 .debug_pubnames
                0x0000022e       0x1e c:/programas/altera/13.0sp1/nios2eds/bin/gnu/h-i686-mingw32/bin/../lib/gcc/nios2-elf/4.1.2\libgcc.a(_gt_sf.o)
 .debug_pubnames
                0x0000024c       0x1e c:/programas/altera/13.0sp1/nios2eds/bin/gnu/h-i686-mingw32/bin/../lib/gcc/nios2-elf/4.1.2\libgcc.a(_ge_sf.o)
 .debug_pubnames
                0x0000026a       0x22 c:/programas/altera/13.0sp1/nios2eds/bin/gnu/h-i686-mingw32/bin/../lib/gcc/nios2-elf/4.1.2\libgcc.a(_si_to_sf.o)
 .debug_pubnames
                0x0000028c       0x20 c:/programas/altera/13.0sp1/nios2eds/bin/gnu/h-i686-mingw32/bin/../lib/gcc/nios2-elf/4.1.2\libgcc.a(_sf_to_si.o)
 .debug_pubnames
                0x000002ac       0x22 c:/programas/altera/13.0sp1/nios2eds/bin/gnu/h-i686-mingw32/bin/../lib/gcc/nios2-elf/4.1.2\libgcc.a(_thenan_sf.o)
 .debug_pubnames
                0x000002ce       0x48 c:/programas/altera/13.0sp1/nios2eds/bin/gnu/h-i686-mingw32/bin/../lib/gcc/nios2-elf/4.1.2\libgcc.a(lib2-divmod.o)
 .debug_pubnames
                0x00000316       0x1f c:/programas/altera/13.0sp1/nios2eds/bin/gnu/h-i686-mingw32/bin/../lib/gcc/nios2-elf/4.1.2\libgcc.a(_muldi3.o)
 .debug_pubnames
                0x00000335       0x1f c:/programas/altera/13.0sp1/nios2eds/bin/gnu/h-i686-mingw32/bin/../lib/gcc/nios2-elf/4.1.2\libgcc.a(_clzsi2.o)
 .debug_pubnames
                0x00000354       0x1f c:/programas/altera/13.0sp1/nios2eds/bin/gnu/h-i686-mingw32/bin/../lib/gcc/nios2-elf/4.1.2\libgcc.a(_pack_sf.o)
 .debug_pubnames
                0x00000373       0x21 c:/programas/altera/13.0sp1/nios2eds/bin/gnu/h-i686-mingw32/bin/../lib/gcc/nios2-elf/4.1.2\libgcc.a(_unpack_sf.o)
 .debug_pubnames
                0x00000394       0x26 c:/programas/altera/13.0sp1/nios2eds/bin/gnu/h-i686-mingw32/bin/../lib/gcc/nios2-elf/4.1.2\libgcc.a(_fpcmp_parts_sf.o)
 .debug_pubnames
                0x000003ba       0x20 c:/programas/altera/13.0sp1/nios2eds/bin/gnu/h-i686-mingw32/bin/../lib/gcc/nios2-elf/4.1.2\libgcc.a(_clz.o)
 .debug_pubnames
                0x000003da       0x2b c:/programas/altera/13.0sp1/nios2eds/bin/gnu/h-i686-mingw32/bin/../lib/gcc/nios2-elf/4.1.2/../../../../nios2-elf/lib\libsmallc.a(lib_a-printf.o)
 .debug_pubnames
                0x00000405       0x45 c:/programas/altera/13.0sp1/nios2eds/bin/gnu/h-i686-mingw32/bin/../lib/gcc/nios2-elf/4.1.2/../../../../nios2-elf/lib\libsmallc.a(lib_a-vfprintf.o)
 .debug_pubnames
                0x0000044a       0x2b c:/programas/altera/13.0sp1/nios2eds/bin/gnu/h-i686-mingw32/bin/../lib/gcc/nios2-elf/4.1.2/../../../../nios2-elf/lib\libsmallc.a(lib_a-fvwrite_small_dev.o)
 .debug_pubnames
                0x00000475       0x39 c:/programas/altera/13.0sp1/nios2eds/bin/gnu/h-i686-mingw32/bin/../lib/gcc/nios2-elf/4.1.2/../../../../nios2-elf/lib\libsmallc.a(lib_a-impure.o)
 .debug_pubnames
                0x000004ae       0x1d c:/programas/altera/13.0sp1/nios2eds/bin/gnu/h-i686-mingw32/bin/../lib/gcc/nios2-elf/4.1.2/../../../../nios2-elf/lib\libsmallc.a(lib_a-strlen.o)
 .debug_pubnames
                0x000004cb       0x1f c:/programas/altera/13.0sp1/nios2eds/bin/gnu/h-i686-mingw32/bin/../lib/gcc/nios2-elf/4.1.2/../../../../nios2-elf/lib\libsmallc.a(lib_a-writer.o)
 .debug_pubnames
                0x000004ea       0x1c c:/programas/altera/13.0sp1/nios2eds/bin/gnu/h-i686-mingw32/bin/../lib/gcc/nios2-elf/4.1.2/../../../../nios2-elf/lib\libsmallc.a(lib_a-int_errno.o)
 .debug_pubnames
                0x00000506       0x1f C:/Users/JairoAndres/Documents/Quartus/Projects/puj-ca-de1-audio-pump/system_design/software/audio_pump_t1_bsp/\libhal_bsp.a(alt_load.o)
 .debug_pubnames
                0x00000525       0x46 C:/Users/JairoAndres/Documents/Quartus/Projects/puj-ca-de1-audio-pump/system_design/software/audio_pump_t1_bsp/\libhal_bsp.a(alt_main.o)
 .debug_pubnames
                0x0000056b       0x21 C:/Users/JairoAndres/Documents/Quartus/Projects/puj-ca-de1-audio-pump/system_design/software/audio_pump_t1_bsp/\libhal_bsp.a(alt_putstr.o)
 .debug_pubnames
                0x0000058c       0x1c C:/Users/JairoAndres/Documents/Quartus/Projects/puj-ca-de1-audio-pump/system_design/software/audio_pump_t1_bsp/\libhal_bsp.a(alt_write.o)
 .debug_pubnames
                0x000005a8       0x3e C:/Users/JairoAndres/Documents/Quartus/Projects/puj-ca-de1-audio-pump/system_design/software/audio_pump_t1_bsp/\libhal_bsp.a(alt_sys_init.o)
 .debug_pubnames
                0x000005e6       0x34 C:/Users/JairoAndres/Documents/Quartus/Projects/puj-ca-de1-audio-pump/system_design/software/audio_pump_t1_bsp/\libhal_bsp.a(altera_avalon_jtag_uart_write.o)
 .debug_pubnames
                0x0000061a       0x2b C:/Users/JairoAndres/Documents/Quartus/Projects/puj-ca-de1-audio-pump/system_design/software/audio_pump_t1_bsp/\libhal_bsp.a(alt_dcache_flush_all.o)
 .debug_pubnames
                0x00000645       0x20 C:/Users/JairoAndres/Documents/Quartus/Projects/puj-ca-de1-audio-pump/system_design/software/audio_pump_t1_bsp/\libhal_bsp.a(alt_errno.o)
 .debug_pubnames
                0x00000665       0x2b C:/Users/JairoAndres/Documents/Quartus/Projects/puj-ca-de1-audio-pump/system_design/software/audio_pump_t1_bsp/\libhal_bsp.a(alt_icache_flush_all.o)
 .debug_pubnames
                0x00000690       0x31 C:/Users/JairoAndres/Documents/Quartus/Projects/puj-ca-de1-audio-pump/system_design/software/audio_pump_t1_bsp/\libhal_bsp.a(altera_nios2_qsys_irq.o)
 .debug_pubnames
                0x000006c1       0x27 C:/Users/JairoAndres/Documents/Quartus/Projects/puj-ca-de1-audio-pump/system_design/software/audio_pump_t1_bsp/\libhal_bsp.a(alt_icache_flush.o)

.debug_info     0x00000000     0x6a29
 *(.debug_info .gnu.linkonce.wi.*)
 .debug_info    0x00000000       0xa0 C:/Users/JairoAndres/Documents/Quartus/Projects/puj-ca-de1-audio-pump/system_design/software/audio_pump_t1_bsp//obj/HAL/src/crt0.o
 .debug_info    0x000000a0      0x167 obj/default/hello_world_small.o
 .debug_info    0x00000207      0x191 obj/default/i2c_opencores.o
 .debug_info    0x00000398       0xfd c:/programas/altera/13.0sp1/nios2eds/bin/gnu/h-i686-mingw32/bin/../lib/gcc/nios2-elf/4.1.2/../../../../nios2-elf/lib\libm.a(lib_a-sf_sin.o)
 .debug_info    0x00000495      0x2fb c:/programas/altera/13.0sp1/nios2eds/bin/gnu/h-i686-mingw32/bin/../lib/gcc/nios2-elf/4.1.2/../../../../nios2-elf/lib\libm.a(lib_a-ef_rem_pio2.o)
 .debug_info    0x00000790      0x1d8 c:/programas/altera/13.0sp1/nios2eds/bin/gnu/h-i686-mingw32/bin/../lib/gcc/nios2-elf/4.1.2/../../../../nios2-elf/lib\libm.a(lib_a-kf_cos.o)
 .debug_info    0x00000968      0x2d6 c:/programas/altera/13.0sp1/nios2eds/bin/gnu/h-i686-mingw32/bin/../lib/gcc/nios2-elf/4.1.2/../../../../nios2-elf/lib\libm.a(lib_a-kf_rem_pio2.o)
 .debug_info    0x00000c3e      0x180 c:/programas/altera/13.0sp1/nios2eds/bin/gnu/h-i686-mingw32/bin/../lib/gcc/nios2-elf/4.1.2/../../../../nios2-elf/lib\libm.a(lib_a-kf_sin.o)
 .debug_info    0x00000dbe       0xc7 c:/programas/altera/13.0sp1/nios2eds/bin/gnu/h-i686-mingw32/bin/../lib/gcc/nios2-elf/4.1.2/../../../../nios2-elf/lib\libm.a(lib_a-sf_fabs.o)
 .debug_info    0x00000e85      0x157 c:/programas/altera/13.0sp1/nios2eds/bin/gnu/h-i686-mingw32/bin/../lib/gcc/nios2-elf/4.1.2/../../../../nios2-elf/lib\libm.a(lib_a-sf_floor.o)
 .debug_info    0x00000fdc      0x1d9 c:/programas/altera/13.0sp1/nios2eds/bin/gnu/h-i686-mingw32/bin/../lib/gcc/nios2-elf/4.1.2/../../../../nios2-elf/lib\libm.a(lib_a-sf_scalbn.o)
 .debug_info    0x000011b5      0x121 c:/programas/altera/13.0sp1/nios2eds/bin/gnu/h-i686-mingw32/bin/../lib/gcc/nios2-elf/4.1.2/../../../../nios2-elf/lib\libm.a(lib_a-sf_copysign.o)
 .debug_info    0x000012d6      0x47f c:/programas/altera/13.0sp1/nios2eds/bin/gnu/h-i686-mingw32/bin/../lib/gcc/nios2-elf/4.1.2\libgcc.a(_addsub_sf.o)
 .debug_info    0x00001755      0x3d4 c:/programas/altera/13.0sp1/nios2eds/bin/gnu/h-i686-mingw32/bin/../lib/gcc/nios2-elf/4.1.2\libgcc.a(_mul_sf.o)
 .debug_info    0x00001b29      0x391 c:/programas/altera/13.0sp1/nios2eds/bin/gnu/h-i686-mingw32/bin/../lib/gcc/nios2-elf/4.1.2\libgcc.a(_div_sf.o)
 .debug_info    0x00001eba      0x290 c:/programas/altera/13.0sp1/nios2eds/bin/gnu/h-i686-mingw32/bin/../lib/gcc/nios2-elf/4.1.2\libgcc.a(_eq_sf.o)
 .debug_info    0x0000214a      0x290 c:/programas/altera/13.0sp1/nios2eds/bin/gnu/h-i686-mingw32/bin/../lib/gcc/nios2-elf/4.1.2\libgcc.a(_gt_sf.o)
 .debug_info    0x000023da      0x290 c:/programas/altera/13.0sp1/nios2eds/bin/gnu/h-i686-mingw32/bin/../lib/gcc/nios2-elf/4.1.2\libgcc.a(_ge_sf.o)
 .debug_info    0x0000266a      0x214 c:/programas/altera/13.0sp1/nios2eds/bin/gnu/h-i686-mingw32/bin/../lib/gcc/nios2-elf/4.1.2\libgcc.a(_si_to_sf.o)
 .debug_info    0x0000287e      0x2c1 c:/programas/altera/13.0sp1/nios2eds/bin/gnu/h-i686-mingw32/bin/../lib/gcc/nios2-elf/4.1.2\libgcc.a(_sf_to_si.o)
 .debug_info    0x00002b3f      0x164 c:/programas/altera/13.0sp1/nios2eds/bin/gnu/h-i686-mingw32/bin/../lib/gcc/nios2-elf/4.1.2\libgcc.a(_thenan_sf.o)
 .debug_info    0x00002ca3      0x21c c:/programas/altera/13.0sp1/nios2eds/bin/gnu/h-i686-mingw32/bin/../lib/gcc/nios2-elf/4.1.2\libgcc.a(lib2-divmod.o)
 .debug_info    0x00002ebf      0x215 c:/programas/altera/13.0sp1/nios2eds/bin/gnu/h-i686-mingw32/bin/../lib/gcc/nios2-elf/4.1.2\libgcc.a(_muldi3.o)
 .debug_info    0x000030d4      0x130 c:/programas/altera/13.0sp1/nios2eds/bin/gnu/h-i686-mingw32/bin/../lib/gcc/nios2-elf/4.1.2\libgcc.a(_clzsi2.o)
 .debug_info    0x00003204      0x2f2 c:/programas/altera/13.0sp1/nios2eds/bin/gnu/h-i686-mingw32/bin/../lib/gcc/nios2-elf/4.1.2\libgcc.a(_pack_sf.o)
 .debug_info    0x000034f6      0x25a c:/programas/altera/13.0sp1/nios2eds/bin/gnu/h-i686-mingw32/bin/../lib/gcc/nios2-elf/4.1.2\libgcc.a(_unpack_sf.o)
 .debug_info    0x00003750      0x21f c:/programas/altera/13.0sp1/nios2eds/bin/gnu/h-i686-mingw32/bin/../lib/gcc/nios2-elf/4.1.2\libgcc.a(_fpcmp_parts_sf.o)
 .debug_info    0x0000396f       0xc9 c:/programas/altera/13.0sp1/nios2eds/bin/gnu/h-i686-mingw32/bin/../lib/gcc/nios2-elf/4.1.2\libgcc.a(_clz.o)
 .debug_info    0x00003a38      0x6c8 c:/programas/altera/13.0sp1/nios2eds/bin/gnu/h-i686-mingw32/bin/../lib/gcc/nios2-elf/4.1.2/../../../../nios2-elf/lib\libsmallc.a(lib_a-printf.o)
 .debug_info    0x00004100      0x9b5 c:/programas/altera/13.0sp1/nios2eds/bin/gnu/h-i686-mingw32/bin/../lib/gcc/nios2-elf/4.1.2/../../../../nios2-elf/lib\libsmallc.a(lib_a-vfprintf.o)
 .debug_info    0x00004ab5      0x68e c:/programas/altera/13.0sp1/nios2eds/bin/gnu/h-i686-mingw32/bin/../lib/gcc/nios2-elf/4.1.2/../../../../nios2-elf/lib\libsmallc.a(lib_a-fvwrite_small_dev.o)
 .debug_info    0x00005143      0x636 c:/programas/altera/13.0sp1/nios2eds/bin/gnu/h-i686-mingw32/bin/../lib/gcc/nios2-elf/4.1.2/../../../../nios2-elf/lib\libsmallc.a(lib_a-impure.o)
 .debug_info    0x00005779       0xc2 c:/programas/altera/13.0sp1/nios2eds/bin/gnu/h-i686-mingw32/bin/../lib/gcc/nios2-elf/4.1.2/../../../../nios2-elf/lib\libsmallc.a(lib_a-strlen.o)
 .debug_info    0x0000583b      0x68c c:/programas/altera/13.0sp1/nios2eds/bin/gnu/h-i686-mingw32/bin/../lib/gcc/nios2-elf/4.1.2/../../../../nios2-elf/lib\libsmallc.a(lib_a-writer.o)
 .debug_info    0x00005ec7       0x8c c:/programas/altera/13.0sp1/nios2eds/bin/gnu/h-i686-mingw32/bin/../lib/gcc/nios2-elf/4.1.2/../../../../nios2-elf/lib\libsmallc.a(lib_a-int_errno.o)
 .debug_info    0x00005f53      0x12e C:/Users/JairoAndres/Documents/Quartus/Projects/puj-ca-de1-audio-pump/system_design/software/audio_pump_t1_bsp/\libhal_bsp.a(alt_load.o)
 .debug_info    0x00006081      0x125 C:/Users/JairoAndres/Documents/Quartus/Projects/puj-ca-de1-audio-pump/system_design/software/audio_pump_t1_bsp/\libhal_bsp.a(alt_main.o)
 .debug_info    0x000061a6       0xc5 C:/Users/JairoAndres/Documents/Quartus/Projects/puj-ca-de1-audio-pump/system_design/software/audio_pump_t1_bsp/\libhal_bsp.a(alt_putstr.o)
 .debug_info    0x0000626b      0x179 C:/Users/JairoAndres/Documents/Quartus/Projects/puj-ca-de1-audio-pump/system_design/software/audio_pump_t1_bsp/\libhal_bsp.a(alt_write.o)
 .debug_info    0x000063e4      0x17d C:/Users/JairoAndres/Documents/Quartus/Projects/puj-ca-de1-audio-pump/system_design/software/audio_pump_t1_bsp/\libhal_bsp.a(alt_sys_init.o)
 .debug_info    0x00006561      0x18f C:/Users/JairoAndres/Documents/Quartus/Projects/puj-ca-de1-audio-pump/system_design/software/audio_pump_t1_bsp/\libhal_bsp.a(altera_avalon_jtag_uart_write.o)
 .debug_info    0x000066f0       0x9f C:/Users/JairoAndres/Documents/Quartus/Projects/puj-ca-de1-audio-pump/system_design/software/audio_pump_t1_bsp/\libhal_bsp.a(alt_dcache_flush_all.o)
 .debug_info    0x0000678f       0xab C:/Users/JairoAndres/Documents/Quartus/Projects/puj-ca-de1-audio-pump/system_design/software/audio_pump_t1_bsp/\libhal_bsp.a(alt_errno.o)
 .debug_info    0x0000683a       0x8d C:/Users/JairoAndres/Documents/Quartus/Projects/puj-ca-de1-audio-pump/system_design/software/audio_pump_t1_bsp/\libhal_bsp.a(alt_icache_flush_all.o)
 .debug_info    0x000068c7       0x8d C:/Users/JairoAndres/Documents/Quartus/Projects/puj-ca-de1-audio-pump/system_design/software/audio_pump_t1_bsp/\libhal_bsp.a(altera_nios2_qsys_irq.o)
 .debug_info    0x00006954       0xd5 C:/Users/JairoAndres/Documents/Quartus/Projects/puj-ca-de1-audio-pump/system_design/software/audio_pump_t1_bsp/\libhal_bsp.a(alt_icache_flush.o)

.debug_abbrev   0x00000000     0x2b92
 *(.debug_abbrev)
 .debug_abbrev  0x00000000       0x12 C:/Users/JairoAndres/Documents/Quartus/Projects/puj-ca-de1-audio-pump/system_design/software/audio_pump_t1_bsp//obj/HAL/src/crt0.o
 .debug_abbrev  0x00000012       0xdc obj/default/hello_world_small.o
 .debug_abbrev  0x000000ee       0xa3 obj/default/i2c_opencores.o
 .debug_abbrev  0x00000191       0x9a c:/programas/altera/13.0sp1/nios2eds/bin/gnu/h-i686-mingw32/bin/../lib/gcc/nios2-elf/4.1.2/../../../../nios2-elf/lib\libm.a(lib_a-sf_sin.o)
 .debug_abbrev  0x0000022b      0x11b c:/programas/altera/13.0sp1/nios2eds/bin/gnu/h-i686-mingw32/bin/../lib/gcc/nios2-elf/4.1.2/../../../../nios2-elf/lib\libm.a(lib_a-ef_rem_pio2.o)
 .debug_abbrev  0x00000346       0xce c:/programas/altera/13.0sp1/nios2eds/bin/gnu/h-i686-mingw32/bin/../lib/gcc/nios2-elf/4.1.2/../../../../nios2-elf/lib\libm.a(lib_a-kf_cos.o)
 .debug_abbrev  0x00000414      0x104 c:/programas/altera/13.0sp1/nios2eds/bin/gnu/h-i686-mingw32/bin/../lib/gcc/nios2-elf/4.1.2/../../../../nios2-elf/lib\libm.a(lib_a-kf_rem_pio2.o)
 .debug_abbrev  0x00000518       0xa0 c:/programas/altera/13.0sp1/nios2eds/bin/gnu/h-i686-mingw32/bin/../lib/gcc/nios2-elf/4.1.2/../../../../nios2-elf/lib\libm.a(lib_a-kf_sin.o)
 .debug_abbrev  0x000005b8       0x6a c:/programas/altera/13.0sp1/nios2eds/bin/gnu/h-i686-mingw32/bin/../lib/gcc/nios2-elf/4.1.2/../../../../nios2-elf/lib\libm.a(lib_a-sf_fabs.o)
 .debug_abbrev  0x00000622       0xcc c:/programas/altera/13.0sp1/nios2eds/bin/gnu/h-i686-mingw32/bin/../lib/gcc/nios2-elf/4.1.2/../../../../nios2-elf/lib\libm.a(lib_a-sf_floor.o)
 .debug_abbrev  0x000006ee       0xcc c:/programas/altera/13.0sp1/nios2eds/bin/gnu/h-i686-mingw32/bin/../lib/gcc/nios2-elf/4.1.2/../../../../nios2-elf/lib\libm.a(lib_a-sf_scalbn.o)
 .debug_abbrev  0x000007ba       0xb6 c:/programas/altera/13.0sp1/nios2eds/bin/gnu/h-i686-mingw32/bin/../lib/gcc/nios2-elf/4.1.2/../../../../nios2-elf/lib\libm.a(lib_a-sf_copysign.o)
 .debug_abbrev  0x00000870      0x1e1 c:/programas/altera/13.0sp1/nios2eds/bin/gnu/h-i686-mingw32/bin/../lib/gcc/nios2-elf/4.1.2\libgcc.a(_addsub_sf.o)
 .debug_abbrev  0x00000a51      0x206 c:/programas/altera/13.0sp1/nios2eds/bin/gnu/h-i686-mingw32/bin/../lib/gcc/nios2-elf/4.1.2\libgcc.a(_mul_sf.o)
 .debug_abbrev  0x00000c57      0x1e5 c:/programas/altera/13.0sp1/nios2eds/bin/gnu/h-i686-mingw32/bin/../lib/gcc/nios2-elf/4.1.2\libgcc.a(_div_sf.o)
 .debug_abbrev  0x00000e3c      0x151 c:/programas/altera/13.0sp1/nios2eds/bin/gnu/h-i686-mingw32/bin/../lib/gcc/nios2-elf/4.1.2\libgcc.a(_eq_sf.o)
 .debug_abbrev  0x00000f8d      0x151 c:/programas/altera/13.0sp1/nios2eds/bin/gnu/h-i686-mingw32/bin/../lib/gcc/nios2-elf/4.1.2\libgcc.a(_gt_sf.o)
 .debug_abbrev  0x000010de      0x151 c:/programas/altera/13.0sp1/nios2eds/bin/gnu/h-i686-mingw32/bin/../lib/gcc/nios2-elf/4.1.2\libgcc.a(_ge_sf.o)
 .debug_abbrev  0x0000122f      0x13d c:/programas/altera/13.0sp1/nios2eds/bin/gnu/h-i686-mingw32/bin/../lib/gcc/nios2-elf/4.1.2\libgcc.a(_si_to_sf.o)
 .debug_abbrev  0x0000136c      0x176 c:/programas/altera/13.0sp1/nios2eds/bin/gnu/h-i686-mingw32/bin/../lib/gcc/nios2-elf/4.1.2\libgcc.a(_sf_to_si.o)
 .debug_abbrev  0x000014e2       0xba c:/programas/altera/13.0sp1/nios2eds/bin/gnu/h-i686-mingw32/bin/../lib/gcc/nios2-elf/4.1.2\libgcc.a(_thenan_sf.o)
 .debug_abbrev  0x0000159c       0xe0 c:/programas/altera/13.0sp1/nios2eds/bin/gnu/h-i686-mingw32/bin/../lib/gcc/nios2-elf/4.1.2\libgcc.a(lib2-divmod.o)
 .debug_abbrev  0x0000167c       0xee c:/programas/altera/13.0sp1/nios2eds/bin/gnu/h-i686-mingw32/bin/../lib/gcc/nios2-elf/4.1.2\libgcc.a(_muldi3.o)
 .debug_abbrev  0x0000176a       0xb9 c:/programas/altera/13.0sp1/nios2eds/bin/gnu/h-i686-mingw32/bin/../lib/gcc/nios2-elf/4.1.2\libgcc.a(_clzsi2.o)
 .debug_abbrev  0x00001823      0x1aa c:/programas/altera/13.0sp1/nios2eds/bin/gnu/h-i686-mingw32/bin/../lib/gcc/nios2-elf/4.1.2\libgcc.a(_pack_sf.o)
 .debug_abbrev  0x000019cd      0x158 c:/programas/altera/13.0sp1/nios2eds/bin/gnu/h-i686-mingw32/bin/../lib/gcc/nios2-elf/4.1.2\libgcc.a(_unpack_sf.o)
 .debug_abbrev  0x00001b25      0x132 c:/programas/altera/13.0sp1/nios2eds/bin/gnu/h-i686-mingw32/bin/../lib/gcc/nios2-elf/4.1.2\libgcc.a(_fpcmp_parts_sf.o)
 .debug_abbrev  0x00001c57       0x61 c:/programas/altera/13.0sp1/nios2eds/bin/gnu/h-i686-mingw32/bin/../lib/gcc/nios2-elf/4.1.2\libgcc.a(_clz.o)
 .debug_abbrev  0x00001cb8      0x179 c:/programas/altera/13.0sp1/nios2eds/bin/gnu/h-i686-mingw32/bin/../lib/gcc/nios2-elf/4.1.2/../../../../nios2-elf/lib\libsmallc.a(lib_a-printf.o)
 .debug_abbrev  0x00001e31      0x263 c:/programas/altera/13.0sp1/nios2eds/bin/gnu/h-i686-mingw32/bin/../lib/gcc/nios2-elf/4.1.2/../../../../nios2-elf/lib\libsmallc.a(lib_a-vfprintf.o)
 .debug_abbrev  0x00002094      0x179 c:/programas/altera/13.0sp1/nios2eds/bin/gnu/h-i686-mingw32/bin/../lib/gcc/nios2-elf/4.1.2/../../../../nios2-elf/lib\libsmallc.a(lib_a-fvwrite_small_dev.o)
 .debug_abbrev  0x0000220d      0x13f c:/programas/altera/13.0sp1/nios2eds/bin/gnu/h-i686-mingw32/bin/../lib/gcc/nios2-elf/4.1.2/../../../../nios2-elf/lib\libsmallc.a(lib_a-impure.o)
 .debug_abbrev  0x0000234c       0x7a c:/programas/altera/13.0sp1/nios2eds/bin/gnu/h-i686-mingw32/bin/../lib/gcc/nios2-elf/4.1.2/../../../../nios2-elf/lib\libsmallc.a(lib_a-strlen.o)
 .debug_abbrev  0x000023c6      0x16c c:/programas/altera/13.0sp1/nios2eds/bin/gnu/h-i686-mingw32/bin/../lib/gcc/nios2-elf/4.1.2/../../../../nios2-elf/lib\libsmallc.a(lib_a-writer.o)
 .debug_abbrev  0x00002532       0x3b c:/programas/altera/13.0sp1/nios2eds/bin/gnu/h-i686-mingw32/bin/../lib/gcc/nios2-elf/4.1.2/../../../../nios2-elf/lib\libsmallc.a(lib_a-int_errno.o)
 .debug_abbrev  0x0000256d       0x97 C:/Users/JairoAndres/Documents/Quartus/Projects/puj-ca-de1-audio-pump/system_design/software/audio_pump_t1_bsp/\libhal_bsp.a(alt_load.o)
 .debug_abbrev  0x00002604       0xa6 C:/Users/JairoAndres/Documents/Quartus/Projects/puj-ca-de1-audio-pump/system_design/software/audio_pump_t1_bsp/\libhal_bsp.a(alt_main.o)
 .debug_abbrev  0x000026aa       0x7c C:/Users/JairoAndres/Documents/Quartus/Projects/puj-ca-de1-audio-pump/system_design/software/audio_pump_t1_bsp/\libhal_bsp.a(alt_putstr.o)
 .debug_abbrev  0x00002726       0xdd C:/Users/JairoAndres/Documents/Quartus/Projects/puj-ca-de1-audio-pump/system_design/software/audio_pump_t1_bsp/\libhal_bsp.a(alt_write.o)
 .debug_abbrev  0x00002803       0xe3 C:/Users/JairoAndres/Documents/Quartus/Projects/puj-ca-de1-audio-pump/system_design/software/audio_pump_t1_bsp/\libhal_bsp.a(alt_sys_init.o)
 .debug_abbrev  0x000028e6       0xf0 C:/Users/JairoAndres/Documents/Quartus/Projects/puj-ca-de1-audio-pump/system_design/software/audio_pump_t1_bsp/\libhal_bsp.a(altera_avalon_jtag_uart_write.o)
 .debug_abbrev  0x000029d6       0x57 C:/Users/JairoAndres/Documents/Quartus/Projects/puj-ca-de1-audio-pump/system_design/software/audio_pump_t1_bsp/\libhal_bsp.a(alt_dcache_flush_all.o)
 .debug_abbrev  0x00002a2d       0x5e C:/Users/JairoAndres/Documents/Quartus/Projects/puj-ca-de1-audio-pump/system_design/software/audio_pump_t1_bsp/\libhal_bsp.a(alt_errno.o)
 .debug_abbrev  0x00002a8b       0x3f C:/Users/JairoAndres/Documents/Quartus/Projects/puj-ca-de1-audio-pump/system_design/software/audio_pump_t1_bsp/\libhal_bsp.a(alt_icache_flush_all.o)
 .debug_abbrev  0x00002aca       0x3f C:/Users/JairoAndres/Documents/Quartus/Projects/puj-ca-de1-audio-pump/system_design/software/audio_pump_t1_bsp/\libhal_bsp.a(altera_nios2_qsys_irq.o)
 .debug_abbrev  0x00002b09       0x89 C:/Users/JairoAndres/Documents/Quartus/Projects/puj-ca-de1-audio-pump/system_design/software/audio_pump_t1_bsp/\libhal_bsp.a(alt_icache_flush.o)

.debug_line     0x00000000     0x6bd0
 *(.debug_line)
 .debug_line    0x00000000       0x72 C:/Users/JairoAndres/Documents/Quartus/Projects/puj-ca-de1-audio-pump/system_design/software/audio_pump_t1_bsp//obj/HAL/src/crt0.o
 .debug_line    0x00000072      0x388 obj/default/hello_world_small.o
 .debug_line    0x000003fa      0x1d3 obj/default/i2c_opencores.o
 .debug_line    0x000005cd      0x290 c:/programas/altera/13.0sp1/nios2eds/bin/gnu/h-i686-mingw32/bin/../lib/gcc/nios2-elf/4.1.2/../../../../nios2-elf/lib\libm.a(lib_a-sf_sin.o)
 .debug_line    0x0000085d      0x561 c:/programas/altera/13.0sp1/nios2eds/bin/gnu/h-i686-mingw32/bin/../lib/gcc/nios2-elf/4.1.2/../../../../nios2-elf/lib\libm.a(lib_a-ef_rem_pio2.o)
 .debug_line    0x00000dbe      0x2c4 c:/programas/altera/13.0sp1/nios2eds/bin/gnu/h-i686-mingw32/bin/../lib/gcc/nios2-elf/4.1.2/../../../../nios2-elf/lib\libm.a(lib_a-kf_cos.o)
 .debug_line    0x00001082      0x809 c:/programas/altera/13.0sp1/nios2eds/bin/gnu/h-i686-mingw32/bin/../lib/gcc/nios2-elf/4.1.2/../../../../nios2-elf/lib\libm.a(lib_a-kf_rem_pio2.o)
 .debug_line    0x0000188b      0x290 c:/programas/altera/13.0sp1/nios2eds/bin/gnu/h-i686-mingw32/bin/../lib/gcc/nios2-elf/4.1.2/../../../../nios2-elf/lib\libm.a(lib_a-kf_sin.o)
 .debug_line    0x00001b1b      0x211 c:/programas/altera/13.0sp1/nios2eds/bin/gnu/h-i686-mingw32/bin/../lib/gcc/nios2-elf/4.1.2/../../../../nios2-elf/lib\libm.a(lib_a-sf_fabs.o)
 .debug_line    0x00001d2c      0x2e4 c:/programas/altera/13.0sp1/nios2eds/bin/gnu/h-i686-mingw32/bin/../lib/gcc/nios2-elf/4.1.2/../../../../nios2-elf/lib\libm.a(lib_a-sf_floor.o)
 .debug_line    0x00002010      0x2ff c:/programas/altera/13.0sp1/nios2eds/bin/gnu/h-i686-mingw32/bin/../lib/gcc/nios2-elf/4.1.2/../../../../nios2-elf/lib\libm.a(lib_a-sf_scalbn.o)
 .debug_line    0x0000230f      0x215 c:/programas/altera/13.0sp1/nios2eds/bin/gnu/h-i686-mingw32/bin/../lib/gcc/nios2-elf/4.1.2/../../../../nios2-elf/lib\libm.a(lib_a-sf_copysign.o)
 .debug_line    0x00002524      0x3af c:/programas/altera/13.0sp1/nios2eds/bin/gnu/h-i686-mingw32/bin/../lib/gcc/nios2-elf/4.1.2\libgcc.a(_addsub_sf.o)
 .debug_line    0x000028d3      0x2c1 c:/programas/altera/13.0sp1/nios2eds/bin/gnu/h-i686-mingw32/bin/../lib/gcc/nios2-elf/4.1.2\libgcc.a(_mul_sf.o)
 .debug_line    0x00002b94      0x26a c:/programas/altera/13.0sp1/nios2eds/bin/gnu/h-i686-mingw32/bin/../lib/gcc/nios2-elf/4.1.2\libgcc.a(_div_sf.o)
 .debug_line    0x00002dfe      0x121 c:/programas/altera/13.0sp1/nios2eds/bin/gnu/h-i686-mingw32/bin/../lib/gcc/nios2-elf/4.1.2\libgcc.a(_eq_sf.o)
 .debug_line    0x00002f1f      0x121 c:/programas/altera/13.0sp1/nios2eds/bin/gnu/h-i686-mingw32/bin/../lib/gcc/nios2-elf/4.1.2\libgcc.a(_gt_sf.o)
 .debug_line    0x00003040      0x121 c:/programas/altera/13.0sp1/nios2eds/bin/gnu/h-i686-mingw32/bin/../lib/gcc/nios2-elf/4.1.2\libgcc.a(_ge_sf.o)
 .debug_line    0x00003161      0x187 c:/programas/altera/13.0sp1/nios2eds/bin/gnu/h-i686-mingw32/bin/../lib/gcc/nios2-elf/4.1.2\libgcc.a(_si_to_sf.o)
 .debug_line    0x000032e8      0x141 c:/programas/altera/13.0sp1/nios2eds/bin/gnu/h-i686-mingw32/bin/../lib/gcc/nios2-elf/4.1.2\libgcc.a(_sf_to_si.o)
 .debug_line    0x00003429       0x94 c:/programas/altera/13.0sp1/nios2eds/bin/gnu/h-i686-mingw32/bin/../lib/gcc/nios2-elf/4.1.2\libgcc.a(_thenan_sf.o)
 .debug_line    0x000034bd      0x24f c:/programas/altera/13.0sp1/nios2eds/bin/gnu/h-i686-mingw32/bin/../lib/gcc/nios2-elf/4.1.2\libgcc.a(lib2-divmod.o)
 .debug_line    0x0000370c      0x11f c:/programas/altera/13.0sp1/nios2eds/bin/gnu/h-i686-mingw32/bin/../lib/gcc/nios2-elf/4.1.2\libgcc.a(_muldi3.o)
 .debug_line    0x0000382b      0x105 c:/programas/altera/13.0sp1/nios2eds/bin/gnu/h-i686-mingw32/bin/../lib/gcc/nios2-elf/4.1.2\libgcc.a(_clzsi2.o)
 .debug_line    0x00003930      0x1ca c:/programas/altera/13.0sp1/nios2eds/bin/gnu/h-i686-mingw32/bin/../lib/gcc/nios2-elf/4.1.2\libgcc.a(_pack_sf.o)
 .debug_line    0x00003afa      0x197 c:/programas/altera/13.0sp1/nios2eds/bin/gnu/h-i686-mingw32/bin/../lib/gcc/nios2-elf/4.1.2\libgcc.a(_unpack_sf.o)
 .debug_line    0x00003c91      0x177 c:/programas/altera/13.0sp1/nios2eds/bin/gnu/h-i686-mingw32/bin/../lib/gcc/nios2-elf/4.1.2\libgcc.a(_fpcmp_parts_sf.o)
 .debug_line    0x00003e08       0xaa c:/programas/altera/13.0sp1/nios2eds/bin/gnu/h-i686-mingw32/bin/../lib/gcc/nios2-elf/4.1.2\libgcc.a(_clz.o)
 .debug_line    0x00003eb2      0x2bb c:/programas/altera/13.0sp1/nios2eds/bin/gnu/h-i686-mingw32/bin/../lib/gcc/nios2-elf/4.1.2/../../../../nios2-elf/lib\libsmallc.a(lib_a-printf.o)
 .debug_line    0x0000416d      0x62c c:/programas/altera/13.0sp1/nios2eds/bin/gnu/h-i686-mingw32/bin/../lib/gcc/nios2-elf/4.1.2/../../../../nios2-elf/lib\libsmallc.a(lib_a-vfprintf.o)
 .debug_line    0x00004799      0x2a6 c:/programas/altera/13.0sp1/nios2eds/bin/gnu/h-i686-mingw32/bin/../lib/gcc/nios2-elf/4.1.2/../../../../nios2-elf/lib\libsmallc.a(lib_a-fvwrite_small_dev.o)
 .debug_line    0x00004a3f      0x22d c:/programas/altera/13.0sp1/nios2eds/bin/gnu/h-i686-mingw32/bin/../lib/gcc/nios2-elf/4.1.2/../../../../nios2-elf/lib\libsmallc.a(lib_a-impure.o)
 .debug_line    0x00004c6c      0x24d c:/programas/altera/13.0sp1/nios2eds/bin/gnu/h-i686-mingw32/bin/../lib/gcc/nios2-elf/4.1.2/../../../../nios2-elf/lib\libsmallc.a(lib_a-strlen.o)
 .debug_line    0x00004eb9      0x29a c:/programas/altera/13.0sp1/nios2eds/bin/gnu/h-i686-mingw32/bin/../lib/gcc/nios2-elf/4.1.2/../../../../nios2-elf/lib\libsmallc.a(lib_a-writer.o)
 .debug_line    0x00005153      0x1df c:/programas/altera/13.0sp1/nios2eds/bin/gnu/h-i686-mingw32/bin/../lib/gcc/nios2-elf/4.1.2/../../../../nios2-elf/lib\libsmallc.a(lib_a-int_errno.o)
 .debug_line    0x00005332      0x22b C:/Users/JairoAndres/Documents/Quartus/Projects/puj-ca-de1-audio-pump/system_design/software/audio_pump_t1_bsp/\libhal_bsp.a(alt_load.o)
 .debug_line    0x0000555d      0x2d6 C:/Users/JairoAndres/Documents/Quartus/Projects/puj-ca-de1-audio-pump/system_design/software/audio_pump_t1_bsp/\libhal_bsp.a(alt_main.o)
 .debug_line    0x00005833      0x1ed C:/Users/JairoAndres/Documents/Quartus/Projects/puj-ca-de1-audio-pump/system_design/software/audio_pump_t1_bsp/\libhal_bsp.a(alt_putstr.o)
 .debug_line    0x00005a20      0x2bf C:/Users/JairoAndres/Documents/Quartus/Projects/puj-ca-de1-audio-pump/system_design/software/audio_pump_t1_bsp/\libhal_bsp.a(alt_write.o)
 .debug_line    0x00005cdf      0x29a C:/Users/JairoAndres/Documents/Quartus/Projects/puj-ca-de1-audio-pump/system_design/software/audio_pump_t1_bsp/\libhal_bsp.a(alt_sys_init.o)
 .debug_line    0x00005f79      0x308 C:/Users/JairoAndres/Documents/Quartus/Projects/puj-ca-de1-audio-pump/system_design/software/audio_pump_t1_bsp/\libhal_bsp.a(altera_avalon_jtag_uart_write.o)
 .debug_line    0x00006281      0x1e1 C:/Users/JairoAndres/Documents/Quartus/Projects/puj-ca-de1-audio-pump/system_design/software/audio_pump_t1_bsp/\libhal_bsp.a(alt_dcache_flush_all.o)
 .debug_line    0x00006462      0x1be C:/Users/JairoAndres/Documents/Quartus/Projects/puj-ca-de1-audio-pump/system_design/software/audio_pump_t1_bsp/\libhal_bsp.a(alt_errno.o)
 .debug_line    0x00006620      0x1d9 C:/Users/JairoAndres/Documents/Quartus/Projects/puj-ca-de1-audio-pump/system_design/software/audio_pump_t1_bsp/\libhal_bsp.a(alt_icache_flush_all.o)
 .debug_line    0x000067f9      0x1e2 C:/Users/JairoAndres/Documents/Quartus/Projects/puj-ca-de1-audio-pump/system_design/software/audio_pump_t1_bsp/\libhal_bsp.a(altera_nios2_qsys_irq.o)
 .debug_line    0x000069db      0x1f5 C:/Users/JairoAndres/Documents/Quartus/Projects/puj-ca-de1-audio-pump/system_design/software/audio_pump_t1_bsp/\libhal_bsp.a(alt_icache_flush.o)

.debug_frame    0x00000000      0x790
 *(.debug_frame)
 .debug_frame   0x00000000       0x4c obj/default/hello_world_small.o
 .debug_frame   0x0000004c       0x5c obj/default/i2c_opencores.o
 .debug_frame   0x000000a8       0x28 c:/programas/altera/13.0sp1/nios2eds/bin/gnu/h-i686-mingw32/bin/../lib/gcc/nios2-elf/4.1.2/../../../../nios2-elf/lib\libm.a(lib_a-sf_sin.o)
 .debug_frame   0x000000d0       0x3c c:/programas/altera/13.0sp1/nios2eds/bin/gnu/h-i686-mingw32/bin/../lib/gcc/nios2-elf/4.1.2/../../../../nios2-elf/lib\libm.a(lib_a-ef_rem_pio2.o)
 .debug_frame   0x0000010c       0x34 c:/programas/altera/13.0sp1/nios2eds/bin/gnu/h-i686-mingw32/bin/../lib/gcc/nios2-elf/4.1.2/../../../../nios2-elf/lib\libm.a(lib_a-kf_cos.o)
 .debug_frame   0x00000140       0x3c c:/programas/altera/13.0sp1/nios2eds/bin/gnu/h-i686-mingw32/bin/../lib/gcc/nios2-elf/4.1.2/../../../../nios2-elf/lib\libm.a(lib_a-kf_rem_pio2.o)
 .debug_frame   0x0000017c       0x34 c:/programas/altera/13.0sp1/nios2eds/bin/gnu/h-i686-mingw32/bin/../lib/gcc/nios2-elf/4.1.2/../../../../nios2-elf/lib\libm.a(lib_a-kf_sin.o)
 .debug_frame   0x000001b0       0x20 c:/programas/altera/13.0sp1/nios2eds/bin/gnu/h-i686-mingw32/bin/../lib/gcc/nios2-elf/4.1.2/../../../../nios2-elf/lib\libm.a(lib_a-sf_fabs.o)
 .debug_frame   0x000001d0       0x30 c:/programas/altera/13.0sp1/nios2eds/bin/gnu/h-i686-mingw32/bin/../lib/gcc/nios2-elf/4.1.2/../../../../nios2-elf/lib\libm.a(lib_a-sf_floor.o)
 .debug_frame   0x00000200       0x28 c:/programas/altera/13.0sp1/nios2eds/bin/gnu/h-i686-mingw32/bin/../lib/gcc/nios2-elf/4.1.2/../../../../nios2-elf/lib\libm.a(lib_a-sf_scalbn.o)
 .debug_frame   0x00000228       0x20 c:/programas/altera/13.0sp1/nios2eds/bin/gnu/h-i686-mingw32/bin/../lib/gcc/nios2-elf/4.1.2/../../../../nios2-elf/lib\libm.a(lib_a-sf_copysign.o)
 .debug_frame   0x00000248       0x58 c:/programas/altera/13.0sp1/nios2eds/bin/gnu/h-i686-mingw32/bin/../lib/gcc/nios2-elf/4.1.2\libgcc.a(_addsub_sf.o)
 .debug_frame   0x000002a0       0x2c c:/programas/altera/13.0sp1/nios2eds/bin/gnu/h-i686-mingw32/bin/../lib/gcc/nios2-elf/4.1.2\libgcc.a(_mul_sf.o)
 .debug_frame   0x000002cc       0x2c c:/programas/altera/13.0sp1/nios2eds/bin/gnu/h-i686-mingw32/bin/../lib/gcc/nios2-elf/4.1.2\libgcc.a(_div_sf.o)
 .debug_frame   0x000002f8       0x2c c:/programas/altera/13.0sp1/nios2eds/bin/gnu/h-i686-mingw32/bin/../lib/gcc/nios2-elf/4.1.2\libgcc.a(_eq_sf.o)
 .debug_frame   0x00000324       0x2c c:/programas/altera/13.0sp1/nios2eds/bin/gnu/h-i686-mingw32/bin/../lib/gcc/nios2-elf/4.1.2\libgcc.a(_gt_sf.o)
 .debug_frame   0x00000350       0x2c c:/programas/altera/13.0sp1/nios2eds/bin/gnu/h-i686-mingw32/bin/../lib/gcc/nios2-elf/4.1.2\libgcc.a(_ge_sf.o)
 .debug_frame   0x0000037c       0x28 c:/programas/altera/13.0sp1/nios2eds/bin/gnu/h-i686-mingw32/bin/../lib/gcc/nios2-elf/4.1.2\libgcc.a(_si_to_sf.o)
 .debug_frame   0x000003a4       0x28 c:/programas/altera/13.0sp1/nios2eds/bin/gnu/h-i686-mingw32/bin/../lib/gcc/nios2-elf/4.1.2\libgcc.a(_sf_to_si.o)
 .debug_frame   0x000003cc       0x70 c:/programas/altera/13.0sp1/nios2eds/bin/gnu/h-i686-mingw32/bin/../lib/gcc/nios2-elf/4.1.2\libgcc.a(lib2-divmod.o)
 .debug_frame   0x0000043c       0x2c c:/programas/altera/13.0sp1/nios2eds/bin/gnu/h-i686-mingw32/bin/../lib/gcc/nios2-elf/4.1.2\libgcc.a(_muldi3.o)
 .debug_frame   0x00000468       0x20 c:/programas/altera/13.0sp1/nios2eds/bin/gnu/h-i686-mingw32/bin/../lib/gcc/nios2-elf/4.1.2\libgcc.a(_clzsi2.o)
 .debug_frame   0x00000488       0x20 c:/programas/altera/13.0sp1/nios2eds/bin/gnu/h-i686-mingw32/bin/../lib/gcc/nios2-elf/4.1.2\libgcc.a(_pack_sf.o)
 .debug_frame   0x000004a8       0x20 c:/programas/altera/13.0sp1/nios2eds/bin/gnu/h-i686-mingw32/bin/../lib/gcc/nios2-elf/4.1.2\libgcc.a(_unpack_sf.o)
 .debug_frame   0x000004c8       0x20 c:/programas/altera/13.0sp1/nios2eds/bin/gnu/h-i686-mingw32/bin/../lib/gcc/nios2-elf/4.1.2\libgcc.a(_fpcmp_parts_sf.o)
 .debug_frame   0x000004e8       0x40 c:/programas/altera/13.0sp1/nios2eds/bin/gnu/h-i686-mingw32/bin/../lib/gcc/nios2-elf/4.1.2/../../../../nios2-elf/lib\libsmallc.a(lib_a-printf.o)
 .debug_frame   0x00000528       0x64 c:/programas/altera/13.0sp1/nios2eds/bin/gnu/h-i686-mingw32/bin/../lib/gcc/nios2-elf/4.1.2/../../../../nios2-elf/lib\libsmallc.a(lib_a-vfprintf.o)
 .debug_frame   0x0000058c       0x30 c:/programas/altera/13.0sp1/nios2eds/bin/gnu/h-i686-mingw32/bin/../lib/gcc/nios2-elf/4.1.2/../../../../nios2-elf/lib\libsmallc.a(lib_a-fvwrite_small_dev.o)
 .debug_frame   0x000005bc       0x20 c:/programas/altera/13.0sp1/nios2eds/bin/gnu/h-i686-mingw32/bin/../lib/gcc/nios2-elf/4.1.2/../../../../nios2-elf/lib\libsmallc.a(lib_a-strlen.o)
 .debug_frame   0x000005dc       0x2c c:/programas/altera/13.0sp1/nios2eds/bin/gnu/h-i686-mingw32/bin/../lib/gcc/nios2-elf/4.1.2/../../../../nios2-elf/lib\libsmallc.a(lib_a-writer.o)
 .debug_frame   0x00000608       0x38 C:/Users/JairoAndres/Documents/Quartus/Projects/puj-ca-de1-audio-pump/system_design/software/audio_pump_t1_bsp/\libhal_bsp.a(alt_load.o)
 .debug_frame   0x00000640       0x28 C:/Users/JairoAndres/Documents/Quartus/Projects/puj-ca-de1-audio-pump/system_design/software/audio_pump_t1_bsp/\libhal_bsp.a(alt_main.o)
 .debug_frame   0x00000668       0x28 C:/Users/JairoAndres/Documents/Quartus/Projects/puj-ca-de1-audio-pump/system_design/software/audio_pump_t1_bsp/\libhal_bsp.a(alt_putstr.o)
 .debug_frame   0x00000690       0x28 C:/Users/JairoAndres/Documents/Quartus/Projects/puj-ca-de1-audio-pump/system_design/software/audio_pump_t1_bsp/\libhal_bsp.a(alt_write.o)
 .debug_frame   0x000006b8       0x38 C:/Users/JairoAndres/Documents/Quartus/Projects/puj-ca-de1-audio-pump/system_design/software/audio_pump_t1_bsp/\libhal_bsp.a(alt_sys_init.o)
 .debug_frame   0x000006f0       0x20 C:/Users/JairoAndres/Documents/Quartus/Projects/puj-ca-de1-audio-pump/system_design/software/audio_pump_t1_bsp/\libhal_bsp.a(altera_avalon_jtag_uart_write.o)
 .debug_frame   0x00000710       0x20 C:/Users/JairoAndres/Documents/Quartus/Projects/puj-ca-de1-audio-pump/system_design/software/audio_pump_t1_bsp/\libhal_bsp.a(alt_dcache_flush_all.o)
 .debug_frame   0x00000730       0x20 C:/Users/JairoAndres/Documents/Quartus/Projects/puj-ca-de1-audio-pump/system_design/software/audio_pump_t1_bsp/\libhal_bsp.a(alt_icache_flush_all.o)
 .debug_frame   0x00000750       0x20 C:/Users/JairoAndres/Documents/Quartus/Projects/puj-ca-de1-audio-pump/system_design/software/audio_pump_t1_bsp/\libhal_bsp.a(altera_nios2_qsys_irq.o)
 .debug_frame   0x00000770       0x20 C:/Users/JairoAndres/Documents/Quartus/Projects/puj-ca-de1-audio-pump/system_design/software/audio_pump_t1_bsp/\libhal_bsp.a(alt_icache_flush.o)

.debug_str      0x00000000     0x14d2
 *(.debug_str)
 .debug_str     0x00000000      0x101 obj/default/hello_world_small.o
                                0x14c (size before relaxing)
 .debug_str     0x00000101       0x59 obj/default/i2c_opencores.o
                                0x156 (size before relaxing)
 .debug_str     0x0000015a       0xcd c:/programas/altera/13.0sp1/nios2eds/bin/gnu/h-i686-mingw32/bin/../lib/gcc/nios2-elf/4.1.2/../../../../nios2-elf/lib\libm.a(lib_a-sf_sin.o)
                                0x180 (size before relaxing)
 .debug_str     0x00000227       0xdb c:/programas/altera/13.0sp1/nios2eds/bin/gnu/h-i686-mingw32/bin/../lib/gcc/nios2-elf/4.1.2/../../../../nios2-elf/lib\libm.a(lib_a-ef_rem_pio2.o)
                                0x228 (size before relaxing)
 .debug_str     0x00000302       0x47 c:/programas/altera/13.0sp1/nios2eds/bin/gnu/h-i686-mingw32/bin/../lib/gcc/nios2-elf/4.1.2/../../../../nios2-elf/lib\libm.a(lib_a-kf_cos.o)
                                0x1ba (size before relaxing)
 .debug_str     0x00000349       0x7a c:/programas/altera/13.0sp1/nios2eds/bin/gnu/h-i686-mingw32/bin/../lib/gcc/nios2-elf/4.1.2/../../../../nios2-elf/lib\libm.a(lib_a-kf_rem_pio2.o)
                                0x1cb (size before relaxing)
 .debug_str     0x000003c3       0x47 c:/programas/altera/13.0sp1/nios2eds/bin/gnu/h-i686-mingw32/bin/../lib/gcc/nios2-elf/4.1.2/../../../../nios2-elf/lib\libm.a(lib_a-kf_sin.o)
                                0x18e (size before relaxing)
 .debug_str     0x0000040a       0x40 c:/programas/altera/13.0sp1/nios2eds/bin/gnu/h-i686-mingw32/bin/../lib/gcc/nios2-elf/4.1.2/../../../../nios2-elf/lib\libm.a(lib_a-sf_fabs.o)
                                0x183 (size before relaxing)
 .debug_str     0x0000044a       0x47 c:/programas/altera/13.0sp1/nios2eds/bin/gnu/h-i686-mingw32/bin/../lib/gcc/nios2-elf/4.1.2/../../../../nios2-elf/lib\libm.a(lib_a-sf_floor.o)
                                0x1ba (size before relaxing)
 .debug_str     0x00000491       0xe4 c:/programas/altera/13.0sp1/nios2eds/bin/gnu/h-i686-mingw32/bin/../lib/gcc/nios2-elf/4.1.2/../../../../nios2-elf/lib\libm.a(lib_a-sf_scalbn.o)
                                0x1d7 (size before relaxing)
 .debug_str     0x00000575       0x4a c:/programas/altera/13.0sp1/nios2eds/bin/gnu/h-i686-mingw32/bin/../lib/gcc/nios2-elf/4.1.2/../../../../nios2-elf/lib\libm.a(lib_a-sf_copysign.o)
                                0x1b5 (size before relaxing)
 .debug_str     0x000005bf      0x1b6 c:/programas/altera/13.0sp1/nios2eds/bin/gnu/h-i686-mingw32/bin/../lib/gcc/nios2-elf/4.1.2\libgcc.a(_addsub_sf.o)
                                0x269 (size before relaxing)
 .debug_str     0x00000775       0x25 c:/programas/altera/13.0sp1/nios2eds/bin/gnu/h-i686-mingw32/bin/../lib/gcc/nios2-elf/4.1.2\libgcc.a(_mul_sf.o)
                                0x220 (size before relaxing)
 .debug_str     0x0000079a       0x35 c:/programas/altera/13.0sp1/nios2eds/bin/gnu/h-i686-mingw32/bin/../lib/gcc/nios2-elf/4.1.2\libgcc.a(_div_sf.o)
                                0x22b (size before relaxing)
 .debug_str     0x000007cf        0x8 c:/programas/altera/13.0sp1/nios2eds/bin/gnu/h-i686-mingw32/bin/../lib/gcc/nios2-elf/4.1.2\libgcc.a(_eq_sf.o)
                                0x1f8 (size before relaxing)
 .debug_str     0x000007d7        0x8 c:/programas/altera/13.0sp1/nios2eds/bin/gnu/h-i686-mingw32/bin/../lib/gcc/nios2-elf/4.1.2\libgcc.a(_gt_sf.o)
                                0x1f8 (size before relaxing)
 .debug_str     0x000007df        0x8 c:/programas/altera/13.0sp1/nios2eds/bin/gnu/h-i686-mingw32/bin/../lib/gcc/nios2-elf/4.1.2\libgcc.a(_ge_sf.o)
                                0x1f8 (size before relaxing)
 .debug_str     0x000007e7       0x1e c:/programas/altera/13.0sp1/nios2eds/bin/gnu/h-i686-mingw32/bin/../lib/gcc/nios2-elf/4.1.2\libgcc.a(_si_to_sf.o)
                                0x1de (size before relaxing)
 .debug_str     0x00000805        0xa c:/programas/altera/13.0sp1/nios2eds/bin/gnu/h-i686-mingw32/bin/../lib/gcc/nios2-elf/4.1.2\libgcc.a(_sf_to_si.o)
                                0x201 (size before relaxing)
 .debug_str     0x00000000      0x1a3 c:/programas/altera/13.0sp1/nios2eds/bin/gnu/h-i686-mingw32/bin/../lib/gcc/nios2-elf/4.1.2\libgcc.a(_thenan_sf.o)
 .debug_str     0x0000080f       0x93 c:/programas/altera/13.0sp1/nios2eds/bin/gnu/h-i686-mingw32/bin/../lib/gcc/nios2-elf/4.1.2\libgcc.a(lib2-divmod.o)
                                0x1b4 (size before relaxing)
 .debug_str     0x000008a2       0x62 c:/programas/altera/13.0sp1/nios2eds/bin/gnu/h-i686-mingw32/bin/../lib/gcc/nios2-elf/4.1.2\libgcc.a(_muldi3.o)
                                0x1ac (size before relaxing)
 .debug_str     0x00000904       0x20 c:/programas/altera/13.0sp1/nios2eds/bin/gnu/h-i686-mingw32/bin/../lib/gcc/nios2-elf/4.1.2\libgcc.a(_clzsi2.o)