Archive member included because of file (symbol)

c:/programas/altera/13.0sp1/nios2eds/bin/gnu/h-i686-mingw32/bin/../lib/gcc/nios2-elf/4.1.2\libgcc.a(lib2-divmod.o)
                              obj/default/i2c_opencores.o (__udivsi3)
C:/Users/JairoAndres/Documents/Quartus/Projects/puj-ca-de1-audio-pump/system_design/software/audio_pump_t1_bsp/\libhal_bsp.a(alt_load.o)
                              C:/Users/JairoAndres/Documents/Quartus/Projects/puj-ca-de1-audio-pump/system_design/software/audio_pump_t1_bsp//obj/HAL/src/crt0.o (alt_load)
C:/Users/JairoAndres/Documents/Quartus/Projects/puj-ca-de1-audio-pump/system_design/software/audio_pump_t1_bsp/\libhal_bsp.a(alt_main.o)
                              C:/Users/JairoAndres/Documents/Quartus/Projects/puj-ca-de1-audio-pump/system_design/software/audio_pump_t1_bsp//obj/HAL/src/crt0.o (alt_main)
C:/Users/JairoAndres/Documents/Quartus/Projects/puj-ca-de1-audio-pump/system_design/software/audio_pump_t1_bsp/\libhal_bsp.a(alt_putstr.o)
                              obj/default/hello_world_small.o (alt_putstr)
C:/Users/JairoAndres/Documents/Quartus/Projects/puj-ca-de1-audio-pump/system_design/software/audio_pump_t1_bsp/\libhal_bsp.a(alt_sys_init.o)
                              C:/Users/JairoAndres/Documents/Quartus/Projects/puj-ca-de1-audio-pump/system_design/software/audio_pump_t1_bsp/\libhal_bsp.a(alt_main.o) (alt_sys_init)
C:/Users/JairoAndres/Documents/Quartus/Projects/puj-ca-de1-audio-pump/system_design/software/audio_pump_t1_bsp/\libhal_bsp.a(altera_avalon_jtag_uart_write.o)
                              C:/Users/JairoAndres/Documents/Quartus/Projects/puj-ca-de1-audio-pump/system_design/software/audio_pump_t1_bsp/\libhal_bsp.a(alt_putstr.o) (altera_avalon_jtag_uart_write)
C:/Users/JairoAndres/Documents/Quartus/Projects/puj-ca-de1-audio-pump/system_design/software/audio_pump_t1_bsp/\libhal_bsp.a(alt_dcache_flush_all.o)
                              C:/Users/JairoAndres/Documents/Quartus/Projects/puj-ca-de1-audio-pump/system_design/software/audio_pump_t1_bsp/\libhal_bsp.a(alt_load.o) (alt_dcache_flush_all)
C:/Users/JairoAndres/Documents/Quartus/Projects/puj-ca-de1-audio-pump/system_design/software/audio_pump_t1_bsp/\libhal_bsp.a(alt_icache_flush_all.o)
                              C:/Users/JairoAndres/Documents/Quartus/Projects/puj-ca-de1-audio-pump/system_design/software/audio_pump_t1_bsp/\libhal_bsp.a(alt_load.o) (alt_icache_flush_all)
C:/Users/JairoAndres/Documents/Quartus/Projects/puj-ca-de1-audio-pump/system_design/software/audio_pump_t1_bsp/\libhal_bsp.a(altera_nios2_qsys_irq.o)
                              C:/Users/JairoAndres/Documents/Quartus/Projects/puj-ca-de1-audio-pump/system_design/software/audio_pump_t1_bsp/\libhal_bsp.a(alt_sys_init.o) (altera_nios2_qsys_irq_init)
C:/Users/JairoAndres/Documents/Quartus/Projects/puj-ca-de1-audio-pump/system_design/software/audio_pump_t1_bsp/\libhal_bsp.a(alt_icache_flush.o)
                              C:/Users/JairoAndres/Documents/Quartus/Projects/puj-ca-de1-audio-pump/system_design/software/audio_pump_t1_bsp/\libhal_bsp.a(alt_icache_flush_all.o) (alt_icache_flush)
c:/programas/altera/13.0sp1/nios2eds/bin/gnu/h-i686-mingw32/bin/../lib/gcc/nios2-elf/4.1.2/../../../../nios2-elf/lib\libsmallc.a(lib_a-strlen.o)
                              C:/Users/JairoAndres/Documents/Quartus/Projects/puj-ca-de1-audio-pump/system_design/software/audio_pump_t1_bsp/\libhal_bsp.a(alt_putstr.o) (strlen)

Memory Configuration

Name             Origin             Length             Attributes
sdram0           0x00800000         0x00800000
reset            0x01080000         0x00000020
sram0            0x01080020         0x0007ffe0
*default*        0x00000000         0xffffffff

Linker script and memory map

LOAD C:/Users/JairoAndres/Documents/Quartus/Projects/puj-ca-de1-audio-pump/system_design/software/audio_pump_t1_bsp//obj/HAL/src/crt0.o
                0x0108001c                exit = _exit
LOAD obj/default/hello_world_small.o
LOAD obj/default/i2c_opencores.o
LOAD c:/programas/altera/13.0sp1/nios2eds/bin/gnu/h-i686-mingw32/bin/../lib/gcc/nios2-elf/4.1.2/../../../../nios2-elf/lib\libstdc++.a
LOAD c:/programas/altera/13.0sp1/nios2eds/bin/gnu/h-i686-mingw32/bin/../lib/gcc/nios2-elf/4.1.2/../../../../nios2-elf/lib\libm.a
LOAD c:/programas/altera/13.0sp1/nios2eds/bin/gnu/h-i686-mingw32/bin/../lib/gcc/nios2-elf/4.1.2\libgcc.a
START GROUP
LOAD c:/programas/altera/13.0sp1/nios2eds/bin/gnu/h-i686-mingw32/bin/../lib/gcc/nios2-elf/4.1.2/../../../../nios2-elf/lib\libsmallc.a
LOAD c:/programas/altera/13.0sp1/nios2eds/bin/gnu/h-i686-mingw32/bin/../lib/gcc/nios2-elf/4.1.2\libgcc.a
LOAD C:/Users/JairoAndres/Documents/Quartus/Projects/puj-ca-de1-audio-pump/system_design/software/audio_pump_t1_bsp/\libhal_bsp.a
END GROUP
LOAD c:/programas/altera/13.0sp1/nios2eds/bin/gnu/h-i686-mingw32/bin/../lib/gcc/nios2-elf/4.1.2\libgcc.a
                0x00800000                __alt_mem_sdram0 = 0x800000
                0x01080000                __alt_mem_sram0 = 0x1080000

.entry          0x01080000       0x20
 *(.entry)
 .entry         0x01080000       0x20 C:/Users/JairoAndres/Documents/Quartus/Projects/puj-ca-de1-audio-pump/system_design/software/audio_pump_t1_bsp//obj/HAL/src/crt0.o
                0x01080000                __reset
                0x0108001c                _exit

.exceptions     0x01080020        0x0
                0x01080020                PROVIDE (__ram_exceptions_start, ABSOLUTE (.))
                0x01080020                . = ALIGN (0x20)
 *(.irq)
 *(.exceptions.entry.label)
 *(.exceptions.entry.user)
 *(.exceptions.entry)
 *(.exceptions.irqtest.user)
 *(.exceptions.irqtest)
 *(.exceptions.irqhandler.user)
 *(.exceptions.irqhandler)
 *(.exceptions.irqreturn.user)
 *(.exceptions.irqreturn)
 *(.exceptions.notirq.label)
 *(.exceptions.notirq.user)
 *(.exceptions.notirq)
 *(.exceptions.soft.user)
 *(.exceptions.soft)
 *(.exceptions.unknown.user)
 *(.exceptions.unknown)
 *(.exceptions.exit.label)
 *(.exceptions.exit.user)
 *(.exceptions.exit)
 *(.exceptions)
                0x01080020                PROVIDE (__ram_exceptions_end, ABSOLUTE (.))
                0x01080020                PROVIDE (__flash_exceptions_start, LOADADDR (.exceptions))

.text           0x01080020      0x534
                0x01080020                PROVIDE (stext, ABSOLUTE (.))
 *(.interp)
 *(.hash)
 *(.dynsym)
 *(.dynstr)
 *(.gnu.version)
 *(.gnu.version_d)
 *(.gnu.version_r)
 *(.rel.init)
 *(.rela.init)
 *(.rel.text .rel.text.* .rel.gnu.linkonce.t.*)
 *(.rela.text .rela.text.* .rela.gnu.linkonce.t.*)
 *(.rel.fini)
 *(.rela.fini)
 *(.rel.rodata .rel.rodata.* .rel.gnu.linkonce.r.*)
 *(.rela.rodata .rela.rodata.* .rela.gnu.linkonce.r.*)
 *(.rel.data .rel.data.* .rel.gnu.linkonce.d.*)
 *(.rela.data .rela.data.* .rela.gnu.linkonce.d.*)
 *(.rel.tdata .rel.tdata.* .rel.gnu.linkonce.td.*)
 *(.rela.tdata .rela.tdata.* .rela.gnu.linkonce.td.*)
 *(.rel.tbss .rel.tbss.* .rel.gnu.linkonce.tb.*)
 *(.rela.tbss .rela.tbss.* .rela.gnu.linkonce.tb.*)
 *(.rel.ctors)
 *(.rela.ctors)
 *(.rel.dtors)
 *(.rela.dtors)
 *(.rel.got)
 *(.rela.got)
 *(.rel.sdata .rel.sdata.* .rel.gnu.linkonce.s.*)
 *(.rela.sdata .rela.sdata.* .rela.gnu.linkonce.s.*)
 *(.rel.sbss .rel.sbss.* .rel.gnu.linkonce.sb.*)
 *(.rela.sbss .rela.sbss.* .rela.gnu.linkonce.sb.*)
 *(.rel.sdata2 .rel.sdata2.* .rel.gnu.linkonce.s2.*)
 *(.rela.sdata2 .rela.sdata2.* .rela.gnu.linkonce.s2.*)
 *(.rel.sbss2 .rel.sbss2.* .rel.gnu.linkonce.sb2.*)
 *(.rela.sbss2 .rela.sbss2.* .rela.gnu.linkonce.sb2.*)
 *(.rel.bss .rel.bss.* .rel.gnu.linkonce.b.*)
 *(.rela.bss .rela.bss.* .rela.gnu.linkonce.b.*)
 *(.rel.plt)
 *(.rela.plt)
 *(.rel.dyn)
 *(.init)
 *(.plt)
 *(.text .stub .text.* .gnu.linkonce.t.*)
 .text          0x01080020       0x4c C:/Users/JairoAndres/Documents/Quartus/Projects/puj-ca-de1-audio-pump/system_design/software/audio_pump_t1_bsp//obj/HAL/src/crt0.o
                0x01080020                _start
 .text          0x0108006c       0xd4 obj/default/hello_world_small.o
                0x0108006c                write_wm
                0x010800ec                main
 .text          0x01080140       0xfc obj/default/i2c_opencores.o
                0x01080140                I2C_init
                0x010801a0                I2C_write
                0x010801dc                I2C_read
                0x01080204                I2C_start
 .text          0x0108023c      0x14c c:/programas/altera/13.0sp1/nios2eds/bin/gnu/h-i686-mingw32/bin/../lib/gcc/nios2-elf/4.1.2\libgcc.a(lib2-divmod.o)
                0x010802b8                __divsi3
                0x01080318                __modsi3
                0x01080378                __udivsi3
                0x01080380                __umodsi3
 .text          0x01080388       0x8c C:/Users/JairoAndres/Documents/Quartus/Projects/puj-ca-de1-audio-pump/system_design/software/audio_pump_t1_bsp/\libhal_bsp.a(alt_load.o)
                0x010803a8                alt_load
 .text          0x01080414       0x2c C:/Users/JairoAndres/Documents/Quartus/Projects/puj-ca-de1-audio-pump/system_design/software/audio_pump_t1_bsp/\libhal_bsp.a(alt_main.o)
                0x01080414                alt_main
 .text          0x01080440       0x38 C:/Users/JairoAndres/Documents/Quartus/Projects/puj-ca-de1-audio-pump/system_design/software/audio_pump_t1_bsp/\libhal_bsp.a(alt_putstr.o)
                0x01080440                alt_putstr
 .text          0x01080478       0x24 C:/Users/JairoAndres/Documents/Quartus/Projects/puj-ca-de1-audio-pump/system_design/software/audio_pump_t1_bsp/\libhal_bsp.a(alt_sys_init.o)
                0x01080478                alt_sys_init
                0x0108047c                alt_irq_init
 .text          0x0108049c       0x34 C:/Users/JairoAndres/Documents/Quartus/Projects/puj-ca-de1-audio-pump/system_design/software/audio_pump_t1_bsp/\libhal_bsp.a(altera_avalon_jtag_uart_write.o)
                0x0108049c                altera_avalon_jtag_uart_write
 .text          0x010804d0       0x18 C:/Users/JairoAndres/Documents/Quartus/Projects/puj-ca-de1-audio-pump/system_design/software/audio_pump_t1_bsp/\libhal_bsp.a(alt_dcache_flush_all.o)
                0x010804d0                alt_dcache_flush_all
 .text          0x010804e8        0xc C:/Users/JairoAndres/Documents/Quartus/Projects/puj-ca-de1-audio-pump/system_design/software/audio_pump_t1_bsp/\libhal_bsp.a(alt_icache_flush_all.o)
                0x010804e8                alt_icache_flush_all
 .text          0x010804f4        0x8 C:/Users/JairoAndres/Documents/Quartus/Projects/puj-ca-de1-audio-pump/system_design/software/audio_pump_t1_bsp/\libhal_bsp.a(altera_nios2_qsys_irq.o)
                0x010804f4                altera_nios2_qsys_irq_init
 .text          0x010804fc       0x38 C:/Users/JairoAndres/Documents/Quartus/Projects/puj-ca-de1-audio-pump/system_design/software/audio_pump_t1_bsp/\libhal_bsp.a(alt_icache_flush.o)
                0x010804fc                alt_icache_flush
 .text          0x01080534       0x20 c:/programas/altera/13.0sp1/nios2eds/bin/gnu/h-i686-mingw32/bin/../lib/gcc/nios2-elf/4.1.2/../../../../nios2-elf/lib\libsmallc.a(lib_a-strlen.o)
                0x01080534                strlen
 *(.gnu.warning.*)
 *(.fini)
                0x01080554                PROVIDE (__etext, ABSOLUTE (.))
                0x01080554                PROVIDE (_etext, ABSOLUTE (.))
                0x01080554                PROVIDE (etext, ABSOLUTE (.))
 *(.eh_frame_hdr)
                0x01080554                . = ALIGN (0x4)
                0x01080554                PROVIDE (__preinit_array_start, ABSOLUTE (.))
 *(.preinit_array)
                0x01080554                PROVIDE (__preinit_array_end, ABSOLUTE (.))
                0x01080554                PROVIDE (__init_array_start, ABSOLUTE (.))
 *(.init_array)
                0x01080554                PROVIDE (__init_array_end, ABSOLUTE (.))
                0x01080554                PROVIDE (__fini_array_start, ABSOLUTE (.))
 *(.fini_array)
                0x01080554                PROVIDE (__fini_array_end, ABSOLUTE (.))
 *(.eh_frame)
 *(.gcc_except_table)
 *(.dynamic)
                0x01080554                PROVIDE (__CTOR_LIST__, ABSOLUTE (.))
 *(.ctors)
 *(SORT(.ctors.*))
                0x01080554                PROVIDE (__CTOR_END__, ABSOLUTE (.))
                0x01080554                PROVIDE (__DTOR_LIST__, ABSOLUTE (.))
 *(.dtors)
 *(SORT(.dtors.*))
                0x01080554                PROVIDE (__DTOR_END__, ABSOLUTE (.))
 *(.jcr)
                0x01080554                . = ALIGN (0x4)

.rodata         0x01080554       0x18
                0x01080554                PROVIDE (__ram_rodata_start, ABSOLUTE (.))
                0x01080554                . = ALIGN (0x4)
 *(.rodata .rodata.* .gnu.linkonce.r.*)
 .rodata.str1.4
                0x01080554       0x18 obj/default/hello_world_small.o
 *(.rodata1)
                0x0108056c                . = ALIGN (0x4)
                0x0108056c                PROVIDE (__ram_rodata_end, ABSOLUTE (.))
                0x01080554                PROVIDE (__flash_rodata_start, LOADADDR (.rodata))

.rwdata         0x0108056c        0x4 load address 0x01080570
                0x0108056c                PROVIDE (__ram_rwdata_start, ABSOLUTE (.))
                0x0108056c                . = ALIGN (0x4)
 *(.got.plt)
 *(.got)
 *(.data1)
 *(.data .data.* .gnu.linkonce.d.*)
 .data          0x0108056c        0x0 C:/Users/JairoAndres/Documents/Quartus/Projects/puj-ca-de1-audio-pump/system_design/software/audio_pump_t1_bsp//obj/HAL/src/crt0.o
 .data          0x0108056c        0x0 obj/default/hello_world_small.o
 .data          0x0108056c        0x0 obj/default/i2c_opencores.o
 .data          0x0108056c        0x0 c:/programas/altera/13.0sp1/nios2eds/bin/gnu/h-i686-mingw32/bin/../lib/gcc/nios2-elf/4.1.2\libgcc.a(lib2-divmod.o)
 .data          0x0108056c        0x0 C:/Users/JairoAndres/Documents/Quartus/Projects/puj-ca-de1-audio-pump/system_design/software/audio_pump_t1_bsp/\libhal_bsp.a(alt_load.o)
 .data          0x0108056c        0x0 C:/Users/JairoAndres/Documents/Quartus/Projects/puj-ca-de1-audio-pump/system_design/software/audio_pump_t1_bsp/\libhal_bsp.a(alt_main.o)
 .data          0x0108056c        0x0 C:/Users/JairoAndres/Documents/Quartus/Projects/puj-ca-de1-audio-pump/system_design/software/audio_pump_t1_bsp/\libhal_bsp.a(alt_putstr.o)
 .data          0x0108056c        0x0 C:/Users/JairoAndres/Documents/Quartus/Projects/puj-ca-de1-audio-pump/system_design/software/audio_pump_t1_bsp/\libhal_bsp.a(alt_sys_init.o)
 .data          0x0108056c        0x0 C:/Users/JairoAndres/Documents/Quartus/Projects/puj-ca-de1-audio-pump/system_design/software/audio_pump_t1_bsp/\libhal_bsp.a(altera_avalon_jtag_uart_write.o)
 .data          0x0108056c        0x0 C:/Users/JairoAndres/Documents/Quartus/Projects/puj-ca-de1-audio-pump/system_design/software/audio_pump_t1_bsp/\libhal_bsp.a(alt_dcache_flush_all.o)
 .data          0x0108056c        0x0 C:/Users/JairoAndres/Documents/Quartus/Projects/puj-ca-de1-audio-pump/system_design/software/audio_pump_t1_bsp/\libhal_bsp.a(alt_icache_flush_all.o)
 .data          0x0108056c        0x0 C:/Users/JairoAndres/Documents/Quartus/Projects/puj-ca-de1-audio-pump/system_design/software/audio_pump_t1_bsp/\libhal_bsp.a(altera_nios2_qsys_irq.o)
 .data          0x0108056c        0x0 C:/Users/JairoAndres/Documents/Quartus/Projects/puj-ca-de1-audio-pump/system_design/software/audio_pump_t1_bsp/\libhal_bsp.a(alt_icache_flush.o)
 .data          0x0108056c        0x0 c:/programas/altera/13.0sp1/nios2eds/bin/gnu/h-i686-mingw32/bin/../lib/gcc/nios2-elf/4.1.2/../../../../nios2-elf/lib\libsmallc.a(lib_a-strlen.o)
                0x0108856c                _gp = ABSOLUTE ((. + 0x8000))
                0x0108856c                PROVIDE (gp, _gp)
 *(.rwdata .rwdata.*)
 *(.sdata .sdata.* .gnu.linkonce.s.*)
 .sdata         0x0108056c        0x4 C:/Users/JairoAndres/Documents/Quartus/Projects/puj-ca-de1-audio-pump/system_design/software/audio_pump_t1_bsp/\libhal_bsp.a(alt_sys_init.o)
                0x0108056c                jtag0
 *(.sdata2 .sdata2.* .gnu.linkonce.s2.*)
                0x01080570                . = ALIGN (0x4)
                0x01080570                _edata = ABSOLUTE (.)
                0x01080570                PROVIDE (edata, ABSOLUTE (.))
                0x01080570                PROVIDE (__ram_rwdata_end, ABSOLUTE (.))
                0x01080570                PROVIDE (__flash_rwdata_start, LOADADDR (.rwdata))

.bss            0x01080574        0xc
                0x01080574                __bss_start = ABSOLUTE (.)
                0x01080574                PROVIDE (__sbss_start, ABSOLUTE (.))
                0x01080574                PROVIDE (___sbss_start, ABSOLUTE (.))
 *(.dynsbss)
 *(.sbss .sbss.* .gnu.linkonce.sb.*)
 .sbss          0x01080574        0xc C:/Users/JairoAndres/Documents/Quartus/Projects/puj-ca-de1-audio-pump/system_design/software/audio_pump_t1_bsp/\libhal_bsp.a(alt_main.o)
                0x01080574                alt_argc
                0x01080578                alt_argv
                0x0108057c                alt_envp
 *(.sbss2 .sbss2.* .gnu.linkonce.sb2.*)
 *(.scommon)
                0x01080580                PROVIDE (__sbss_end, ABSOLUTE (.))
                0x01080580                PROVIDE (___sbss_end, ABSOLUTE (.))
 *(.dynbss)
 *(.bss .bss.* .gnu.linkonce.b.*)
 .bss           0x01080580        0x0 C:/Users/JairoAndres/Documents/Quartus/Projects/puj-ca-de1-audio-pump/system_design/software/audio_pump_t1_bsp//obj/HAL/src/crt0.o
 .bss           0x01080580        0x0 obj/default/hello_world_small.o
 .bss           0x01080580        0x0 obj/default/i2c_opencores.o
 .bss           0x01080580        0x0 c:/programas/altera/13.0sp1/nios2eds/bin/gnu/h-i686-mingw32/bin/../lib/gcc/nios2-elf/4.1.2\libgcc.a(lib2-divmod.o)
 .bss           0x01080580        0x0 C:/Users/JairoAndres/Documents/Quartus/Projects/puj-ca-de1-audio-pump/system_design/software/audio_pump_t1_bsp/\libhal_bsp.a(alt_load.o)
 .bss           0x01080580        0x0 C:/Users/JairoAndres/Documents/Quartus/Projects/puj-ca-de1-audio-pump/system_design/software/audio_pump_t1_bsp/\libhal_bsp.a(alt_main.o)
 .bss           0x01080580        0x0 C:/Users/JairoAndres/Documents/Quartus/Projects/puj-ca-de1-audio-pump/system_design/software/audio_pump_t1_bsp/\libhal_bsp.a(alt_putstr.o)
 .bss           0x01080580        0x0 C:/Users/JairoAndres/Documents/Quartus/Projects/puj-ca-de1-audio-pump/system_design/software/audio_pump_t1_bsp/\libhal_bsp.a(alt_sys_init.o)
 .bss           0x01080580        0x0 C:/Users/JairoAndres/Documents/Quartus/Projects/puj-ca-de1-audio-pump/system_design/software/audio_pump_t1_bsp/\libhal_bsp.a(altera_avalon_jtag_uart_write.o)
 .bss           0x01080580        0x0 C:/Users/JairoAndres/Documents/Quartus/Projects/puj-ca-de1-audio-pump/system_design/software/audio_pump_t1_bsp/\libhal_bsp.a(alt_dcache_flush_all.o)
 .bss           0x01080580        0x0 C:/Users/JairoAndres/Documents/Quartus/Projects/puj-ca-de1-audio-pump/system_design/software/audio_pump_t1_bsp/\libhal_bsp.a(alt_icache_flush_all.o)
 .bss           0x01080580        0x0 C:/Users/JairoAndres/Documents/Quartus/Projects/puj-ca-de1-audio-pump/system_design/software/audio_pump_t1_bsp/\libhal_bsp.a(altera_nios2_qsys_irq.o)
 .bss           0x01080580        0x0 C:/Users/JairoAndres/Documents/Quartus/Projects/puj-ca-de1-audio-pump/system_design/software/audio_pump_t1_bsp/\libhal_bsp.a(alt_icache_flush.o)
 .bss           0x01080580        0x0 c:/programas/altera/13.0sp1/nios2eds/bin/gnu/h-i686-mingw32/bin/../lib/gcc/nios2-elf/4.1.2/../../../../nios2-elf/lib\libsmallc.a(lib_a-strlen.o)
 *(COMMON)
                0x01080580                . = ALIGN (0x4)
                0x01080580                __bss_end = ABSOLUTE (.)

.sdram0         0x00800000        0x0 load address 0x01080580
                0x00800000                PROVIDE (_alt_partition_sdram0_start, ABSOLUTE (.))
 *(.sdram0. sdram0.*)
                0x00800000                . = ALIGN (0x4)
                0x00800000                PROVIDE (_alt_partition_sdram0_end, ABSOLUTE (.))
                0x01080580                PROVIDE (_alt_partition_sdram0_load_addr, LOADADDR (.sdram0))

.sram0          0x01080580        0x0
                0x01080580                PROVIDE (_alt_partition_sram0_start, ABSOLUTE (.))
 *(.sram0. sram0.*)
                0x01080580                . = ALIGN (0x4)
                0x01080580                PROVIDE (_alt_partition_sram0_end, ABSOLUTE (.))
                0x01080580                _end = ABSOLUTE (.)
                0x01080580                end = ABSOLUTE (.)
                0x01080580                __alt_stack_base = ABSOLUTE (.)
                0x01080580                PROVIDE (_alt_partition_sram0_load_addr, LOADADDR (.sram0))

.stab
 *(.stab)

.stabstr
 *(.stabstr)

.stab.excl
 *(.stab.excl)

.stab.exclstr
 *(.stab.exclstr)

.stab.index
 *(.stab.index)

.stab.indexstr
 *(.stab.indexstr)

.comment        0x00000000       0x26
 *(.comment)
 .comment       0x00000000       0x26 obj/default/hello_world_small.o
                                 0x27 (size before relaxing)
 .comment       0x00000000       0x27 obj/default/i2c_opencores.o
 .comment       0x00000000       0x27 c:/programas/altera/13.0sp1/nios2eds/bin/gnu/h-i686-mingw32/bin/../lib/gcc/nios2-elf/4.1.2\libgcc.a(lib2-divmod.o)
 .comment       0x00000000       0x27 C:/Users/JairoAndres/Documents/Quartus/Projects/puj-ca-de1-audio-pump/system_design/software/audio_pump_t1_bsp/\libhal_bsp.a(alt_load.o)
 .comment       0x00000000       0x27 C:/Users/JairoAndres/Documents/Quartus/Projects/puj-ca-de1-audio-pump/system_design/software/audio_pump_t1_bsp/\libhal_bsp.a(alt_main.o)
 .comment       0x00000000       0x27 C:/Users/JairoAndres/Documents/Quartus/Projects/puj-ca-de1-audio-pump/system_design/software/audio_pump_t1_bsp/\libhal_bsp.a(alt_putstr.o)
 .comment       0x00000000       0x27 C:/Users/JairoAndres/Documents/Quartus/Projects/puj-ca-de1-audio-pump/system_design/software/audio_pump_t1_bsp/\libhal_bsp.a(alt_sys_init.o)
 .comment       0x00000000       0x27 C:/Users/JairoAndres/Documents/Quartus/Projects/puj-ca-de1-audio-pump/system_design/software/audio_pump_t1_bsp/\libhal_bsp.a(altera_avalon_jtag_uart_write.o)
 .comment       0x00000000       0x27 C:/Users/JairoAndres/Documents/Quartus/Projects/puj-ca-de1-audio-pump/system_design/software/audio_pump_t1_bsp/\libhal_bsp.a(alt_dcache_flush_all.o)
 .comment       0x00000000       0x27 C:/Users/JairoAndres/Documents/Quartus/Projects/puj-ca-de1-audio-pump/system_design/software/audio_pump_t1_bsp/\libhal_bsp.a(alt_icache_flush_all.o)
 .comment       0x00000000       0x27 C:/Users/JairoAndres/Documents/Quartus/Projects/puj-ca-de1-audio-pump/system_design/software/audio_pump_t1_bsp/\libhal_bsp.a(altera_nios2_qsys_irq.o)
 .comment       0x00000000       0x27 C:/Users/JairoAndres/Documents/Quartus/Projects/puj-ca-de1-audio-pump/system_design/software/audio_pump_t1_bsp/\libhal_bsp.a(alt_icache_flush.o)
 .comment       0x00000000       0x27 c:/programas/altera/13.0sp1/nios2eds/bin/gnu/h-i686-mingw32/bin/../lib/gcc/nios2-elf/4.1.2/../../../../nios2-elf/lib\libsmallc.a(lib_a-strlen.o)

.debug
 *(.debug)

.line
 *(.line)

.debug_srcinfo
 *(.debug_srcinfo)

.debug_sfnames
 *(.debug_sfnames)

.debug_aranges  0x00000000      0x1c8
 *(.debug_aranges)
 .debug_aranges
                0x00000000       0x28 C:/Users/JairoAndres/Documents/Quartus/Projects/puj-ca-de1-audio-pump/system_design/software/audio_pump_t1_bsp//obj/HAL/src/crt0.o
 .debug_aranges
                0x00000028       0x20 obj/default/hello_world_small.o
 .debug_aranges
                0x00000048       0x20 obj/default/i2c_opencores.o
 .debug_aranges
                0x00000068       0x20 c:/programas/altera/13.0sp1/nios2eds/bin/gnu/h-i686-mingw32/bin/../lib/gcc/nios2-elf/4.1.2\libgcc.a(lib2-divmod.o)
 .debug_aranges
                0x00000088       0x20 C:/Users/JairoAndres/Documents/Quartus/Projects/puj-ca-de1-audio-pump/system_design/software/audio_pump_t1_bsp/\libhal_bsp.a(alt_load.o)
 .debug_aranges
                0x000000a8       0x20 C:/Users/JairoAndres/Documents/Quartus/Projects/puj-ca-de1-audio-pump/system_design/software/audio_pump_t1_bsp/\libhal_bsp.a(alt_main.o)
 .debug_aranges
                0x000000c8       0x20 C:/Users/JairoAndres/Documents/Quartus/Projects/puj-ca-de1-audio-pump/system_design/software/audio_pump_t1_bsp/\libhal_bsp.a(alt_putstr.o)
 .debug_aranges
                0x000000e8       0x20 C:/Users/JairoAndres/Documents/Quartus/Projects/puj-ca-de1-audio-pump/system_design/software/audio_pump_t1_bsp/\libhal_bsp.a(alt_sys_init.o)
 .debug_aranges
                0x00000108       0x20 C:/Users/JairoAndres/Documents/Quartus/Projects/puj-ca-de1-audio-pump/system_design/software/audio_pump_t1_bsp/\libhal_bsp.a(altera_avalon_jtag_uart_write.o)
 .debug_aranges
                0x00000128       0x20 C:/Users/JairoAndres/Documents/Quartus/Projects/puj-ca-de1-audio-pump/system_design/software/audio_pump_t1_bsp/\libhal_bsp.a(alt_dcache_flush_all.o)
 .debug_aranges
                0x00000148       0x20 C:/Users/JairoAndres/Documents/Quartus/Projects/puj-ca-de1-audio-pump/system_design/software/audio_pump_t1_bsp/\libhal_bsp.a(alt_icache_flush_all.o)
 .debug_aranges
                0x00000168       0x20 C:/Users/JairoAndres/Documents/Quartus/Projects/puj-ca-de1-audio-pump/system_design/software/audio_pump_t1_bsp/\libhal_bsp.a(altera_nios2_qsys_irq.o)
 .debug_aranges
                0x00000188       0x20 C:/Users/JairoAndres/Documents/Quartus/Projects/puj-ca-de1-audio-pump/system_design/software/audio_pump_t1_bsp/\libhal_bsp.a(alt_icache_flush.o)
 .debug_aranges
                0x000001a8       0x20 c:/programas/altera/13.0sp1/nios2eds/bin/gnu/h-i686-mingw32/bin/../lib/gcc/nios2-elf/4.1.2/../../../../nios2-elf/lib\libsmallc.a(lib_a-strlen.o)

.debug_pubnames
                0x00000000      0x27b
 *(.debug_pubnames)
 .debug_pubnames
                0x00000000       0x28 obj/default/hello_world_small.o
 .debug_pubnames
                0x00000028       0x48 obj/default/i2c_opencores.o
 .debug_pubnames
                0x00000070       0x48 c:/programas/altera/13.0sp1/nios2eds/bin/gnu/h-i686-mingw32/bin/../lib/gcc/nios2-elf/4.1.2\libgcc.a(lib2-divmod.o)
 .debug_pubnames
                0x000000b8       0x1f C:/Users/JairoAndres/Documents/Quartus/Projects/puj-ca-de1-audio-pump/system_design/software/audio_pump_t1_bsp/\libhal_bsp.a(alt_load.o)
 .debug_pubnames
                0x000000d7       0x46 C:/Users/JairoAndres/Documents/Quartus/Projects/puj-ca-de1-audio-pump/system_design/software/audio_pump_t1_bsp/\libhal_bsp.a(alt_main.o)
 .debug_pubnames
                0x0000011d       0x21 C:/Users/JairoAndres/Documents/Quartus/Projects/puj-ca-de1-audio-pump/system_design/software/audio_pump_t1_bsp/\libhal_bsp.a(alt_putstr.o)
 .debug_pubnames
                0x0000013e       0x3e C:/Users/JairoAndres/Documents/Quartus/Projects/puj-ca-de1-audio-pump/system_design/software/audio_pump_t1_bsp/\libhal_bsp.a(alt_sys_init.o)
 .debug_pubnames
                0x0000017c       0x34 C:/Users/JairoAndres/Documents/Quartus/Projects/puj-ca-de1-audio-pump/system_design/software/audio_pump_t1_bsp/\libhal_bsp.a(altera_avalon_jtag_uart_write.o)
 .debug_pubnames
                0x000001b0       0x2b C:/Users/JairoAndres/Documents/Quartus/Projects/puj-ca-de1-audio-pump/system_design/software/audio_pump_t1_bsp/\libhal_bsp.a(alt_dcache_flush_all.o)
 .debug_pubnames
                0x000001db       0x2b C:/Users/JairoAndres/Documents/Quartus/Projects/puj-ca-de1-audio-pump/system_design/software/audio_pump_t1_bsp/\libhal_bsp.a(alt_icache_flush_all.o)
 .debug_pubnames
                0x00000206       0x31 C:/Users/JairoAndres/Documents/Quartus/Projects/puj-ca-de1-audio-pump/system_design/software/audio_pump_t1_bsp/\libhal_bsp.a(altera_nios2_qsys_irq.o)
 .debug_pubnames
                0x00000237       0x27 C:/Users/JairoAndres/Documents/Quartus/Projects/puj-ca-de1-audio-pump/system_design/software/audio_pump_t1_bsp/\libhal_bsp.a(alt_icache_flush.o)
 .debug_pubnames
                0x0000025e       0x1d c:/programas/altera/13.0sp1/nios2eds/bin/gnu/h-i686-mingw32/bin/../lib/gcc/nios2-elf/4.1.2/../../../../nios2-elf/lib\libsmallc.a(lib_a-strlen.o)

.debug_info     0x00000000      0xe85
 *(.debug_info .gnu.linkonce.wi.*)
 .debug_info    0x00000000       0xa0 C:/Users/JairoAndres/Documents/Quartus/Projects/puj-ca-de1-audio-pump/system_design/software/audio_pump_t1_bsp//obj/HAL/src/crt0.o
 .debug_info    0x000000a0       0xc4 obj/default/hello_world_small.o
 .debug_info    0x00000164      0x191 obj/default/i2c_opencores.o
 .debug_info    0x000002f5      0x21c c:/programas/altera/13.0sp1/nios2eds/bin/gnu/h-i686-mingw32/bin/../lib/gcc/nios2-elf/4.1.2\libgcc.a(lib2-divmod.o)
 .debug_info    0x00000511      0x12e C:/Users/JairoAndres/Documents/Quartus/Projects/puj-ca-de1-audio-pump/system_design/software/audio_pump_t1_bsp/\libhal_bsp.a(alt_load.o)
 .debug_info    0x0000063f      0x125 C:/Users/JairoAndres/Documents/Quartus/Projects/puj-ca-de1-audio-pump/system_design/software/audio_pump_t1_bsp/\libhal_bsp.a(alt_main.o)
 .debug_info    0x00000764       0xc5 C:/Users/JairoAndres/Documents/Quartus/Projects/puj-ca-de1-audio-pump/system_design/software/audio_pump_t1_bsp/\libhal_bsp.a(alt_putstr.o)
 .debug_info    0x00000829      0x17d C:/Users/JairoAndres/Documents/Quartus/Projects/puj-ca-de1-audio-pump/system_design/software/audio_pump_t1_bsp/\libhal_bsp.a(alt_sys_init.o)
 .debug_info    0x000009a6      0x18f C:/Users/JairoAndres/Documents/Quartus/Projects/puj-ca-de1-audio-pump/system_design/software/audio_pump_t1_bsp/\libhal_bsp.a(altera_avalon_jtag_uart_write.o)
 .debug_info    0x00000b35       0x9f C:/Users/JairoAndres/Documents/Quartus/Projects/puj-ca-de1-audio-pump/system_design/software/audio_pump_t1_bsp/\libhal_bsp.a(alt_dcache_flush_all.o)
 .debug_info    0x00000bd4       0x8d C:/Users/JairoAndres/Documents/Quartus/Projects/puj-ca-de1-audio-pump/system_design/software/audio_pump_t1_bsp/\libhal_bsp.a(alt_icache_flush_all.o)
 .debug_info    0x00000c61       0x8d C:/Users/JairoAndres/Documents/Quartus/Projects/puj-ca-de1-audio-pump/system_design/software/audio_pump_t1_bsp/\libhal_bsp.a(altera_nios2_qsys_irq.o)
 .debug_info    0x00000cee       0xd5 C:/Users/JairoAndres/Documents/Quartus/Projects/puj-ca-de1-audio-pump/system_design/software/audio_pump_t1_bsp/\libhal_bsp.a(alt_icache_flush.o)
 .debug_info    0x00000dc3       0xc2 c:/programas/altera/13.0sp1/nios2eds/bin/gnu/h-i686-mingw32/bin/../lib/gcc/nios2-elf/4.1.2/../../../../nios2-elf/lib\libsmallc.a(lib_a-strlen.o)

.debug_abbrev   0x00000000      0x77c
 *(.debug_abbrev)
 .debug_abbrev  0x00000000       0x12 C:/Users/JairoAndres/Documents/Quartus/Projects/puj-ca-de1-audio-pump/system_design/software/audio_pump_t1_bsp//obj/HAL/src/crt0.o
 .debug_abbrev  0x00000012       0x83 obj/default/hello_world_small.o
 .debug_abbrev  0x00000095       0xa3 obj/default/i2c_opencores.o
 .debug_abbrev  0x00000138       0xe0 c:/programas/altera/13.0sp1/nios2eds/bin/gnu/h-i686-mingw32/bin/../lib/gcc/nios2-elf/4.1.2\libgcc.a(lib2-divmod.o)
 .debug_abbrev  0x00000218       0x97 C:/Users/JairoAndres/Documents/Quartus/Projects/puj-ca-de1-audio-pump/system_design/software/audio_pump_t1_bsp/\libhal_bsp.a(alt_load.o)
 .debug_abbrev  0x000002af       0xa6 C:/Users/JairoAndres/Documents/Quartus/Projects/puj-ca-de1-audio-pump/system_design/software/audio_pump_t1_bsp/\libhal_bsp.a(alt_main.o)
 .debug_abbrev  0x00000355       0x7c C:/Users/JairoAndres/Documents/Quartus/Projects/puj-ca-de1-audio-pump/system_design/software/audio_pump_t1_bsp/\libhal_bsp.a(alt_putstr.o)
 .debug_abbrev  0x000003d1       0xe3 C:/Users/JairoAndres/Documents/Quartus/Projects/puj-ca-de1-audio-pump/system_design/software/audio_pump_t1_bsp/\libhal_bsp.a(alt_sys_init.o)
 .debug_abbrev  0x000004b4       0xf0 C:/Users/JairoAndres/Documents/Quartus/Projects/puj-ca-de1-audio-pump/system_design/software/audio_pump_t1_bsp/\libhal_bsp.a(altera_avalon_jtag_uart_write.o)
 .debug_abbrev  0x000005a4       0x57 C:/Users/JairoAndres/Documents/Quartus/Projects/puj-ca-de1-audio-pump/system_design/software/audio_pump_t1_bsp/\libhal_bsp.a(alt_dcache_flush_all.o)
 .debug_abbrev  0x000005fb       0x3f C:/Users/JairoAndres/Documents/Quartus/Projects/puj-ca-de1-audio-pump/system_design/software/audio_pump_t1_bsp/\libhal_bsp.a(alt_icache_flush_all.o)
 .debug_abbrev  0x0000063a       0x3f C:/Users/JairoAndres/Documents/Quartus/Projects/puj-ca-de1-audio-pump/system_design/software/audio_pump_t1_bsp/\libhal_bsp.a(altera_nios2_qsys_irq.o)
 .debug_abbrev  0x00000679       0x89 C:/Users/JairoAndres/Documents/Quartus/Projects/puj-ca-de1-audio-pump/system_design/software/audio_pump_t1_bsp/\libhal_bsp.a(alt_icache_flush.o)
 .debug_abbrev  0x00000702       0x7a c:/programas/altera/13.0sp1/nios2eds/bin/gnu/h-i686-mingw32/bin/../lib/gcc/nios2-elf/4.1.2/../../../../nios2-elf/lib\libsmallc.a(lib_a-strlen.o)

.debug_line     0x00000000     0x1cf4
 *(.debug_line)
 .debug_line    0x00000000       0x72 C:/Users/JairoAndres/Documents/Quartus/Projects/puj-ca-de1-audio-pump/system_design/software/audio_pump_t1_bsp//obj/HAL/src/crt0.o
 .debug_line    0x00000072      0x1f2 obj/default/hello_world_small.o
 .debug_line    0x00000264      0x1d3 obj/default/i2c_opencores.o
 .debug_line    0x00000437      0x24f c:/programas/altera/13.0sp1/nios2eds/bin/gnu/h-i686-mingw32/bin/../lib/gcc/nios2-elf/4.1.2\libgcc.a(lib2-divmod.o)
 .debug_line    0x00000686      0x22b C:/Users/JairoAndres/Documents/Quartus/Projects/puj-ca-de1-audio-pump/system_design/software/audio_pump_t1_bsp/\libhal_bsp.a(alt_load.o)
 .debug_line    0x000008b1      0x2d6 C:/Users/JairoAndres/Documents/Quartus/Projects/puj-ca-de1-audio-pump/system_design/software/audio_pump_t1_bsp/\libhal_bsp.a(alt_main.o)
 .debug_line    0x00000b87      0x1ed C:/Users/JairoAndres/Documents/Quartus/Projects/puj-ca-de1-audio-pump/system_design/software/audio_pump_t1_bsp/\libhal_bsp.a(alt_putstr.o)
 .debug_line    0x00000d74      0x29a C:/Users/JairoAndres/Documents/Quartus/Projects/puj-ca-de1-audio-pump/system_design/software/audio_pump_t1_bsp/\libhal_bsp.a(alt_sys_init.o)
 .debug_line    0x0000100e      0x308 C:/Users/JairoAndres/Documents/Quartus/Projects/puj-ca-de1-audio-pump/system_design/software/audio_pump_t1_bsp/\libhal_bsp.a(altera_avalon_jtag_uart_write.o)
 .debug_line    0x00001316      0x1e1 C:/Users/JairoAndres/Documents/Quartus/Projects/puj-ca-de1-audio-pump/system_design/software/audio_pump_t1_bsp/\libhal_bsp.a(alt_dcache_flush_all.o)
 .debug_line    0x000014f7      0x1d9 C:/Users/JairoAndres/Documents/Quartus/Projects/puj-ca-de1-audio-pump/system_design/software/audio_pump_t1_bsp/\libhal_bsp.a(alt_icache_flush_all.o)
 .debug_line    0x000016d0      0x1e2 C:/Users/JairoAndres/Documents/Quartus/Projects/puj-ca-de1-audio-pump/system_design/software/audio_pump_t1_bsp/\libhal_bsp.a(altera_nios2_qsys_irq.o)
 .debug_line    0x000018b2      0x1f5 C:/Users/JairoAndres/Documents/Quartus/Projects/puj-ca-de1-audio-pump/system_design/software/audio_pump_t1_bsp/\libhal_bsp.a(alt_icache_flush.o)
 .debug_line    0x00001aa7      0x24d c:/programas/altera/13.0sp1/nios2eds/bin/gnu/h-i686-mingw32/bin/../lib/gcc/nios2-elf/4.1.2/../../../../nios2-elf/lib\libsmallc.a(lib_a-strlen.o)

.debug_frame    0x00000000      0x294
 *(.debug_frame)
 .debug_frame   0x00000000       0x48 obj/default/hello_world_small.o
 .debug_frame   0x00000048       0x5c obj/default/i2c_opencores.o
 .debug_frame   0x000000a4       0x70 c:/programas/altera/13.0sp1/nios2eds/bin/gnu/h-i686-mingw32/bin/../lib/gcc/nios2-elf/4.1.2\libgcc.a(lib2-divmod.o)
 .debug_frame   0x00000114       0x38 C:/Users/JairoAndres/Documents/Quartus/Projects/puj-ca-de1-audio-pump/system_design/software/audio_pump_t1_bsp/\libhal_bsp.a(alt_load.o)
 .debug_frame   0x0000014c       0x28 C:/Users/JairoAndres/Documents/Quartus/Projects/puj-ca-de1-audio-pump/system_design/software/audio_pump_t1_bsp/\libhal_bsp.a(alt_main.o)
 .debug_frame   0x00000174       0x28 C:/Users/JairoAndres/Documents/Quartus/Projects/puj-ca-de1-audio-pump/system_design/software/audio_pump_t1_bsp/\libhal_bsp.a(alt_putstr.o)
 .debug_frame   0x0000019c       0x38 C:/Users/JairoAndres/Documents/Quartus/Projects/puj-ca-de1-audio-pump/system_design/software/audio_pump_t1_bsp/\libhal_bsp.a(alt_sys_init.o)
 .debug_frame   0x000001d4       0x20 C:/Users/JairoAndres/Documents/Quartus/Projects/puj-ca-de1-audio-pump/system_design/software/audio_pump_t1_bsp/\libhal_bsp.a(altera_avalon_jtag_uart_write.o)
 .debug_frame   0x000001f4       0x20 C:/Users/JairoAndres/Documents/Quartus/Projects/puj-ca-de1-audio-pump/system_design/software/audio_pump_t1_bsp/\libhal_bsp.a(alt_dcache_flush_all.o)
 .debug_frame   0x00000214       0x20 C:/Users/JairoAndres/Documents/Quartus/Projects/puj-ca-de1-audio-pump/system_design/software/audio_pump_t1_bsp/\libhal_bsp.a(alt_icache_flush_all.o)
 .debug_frame   0x00000234       0x20 C:/Users/JairoAndres/Documents/Quartus/Projects/puj-ca-de1-audio-pump/system_design/software/audio_pump_t1_bsp/\libhal_bsp.a(altera_nios2_qsys_irq.o)
 .debug_frame   0x00000254       0x20 C:/Users/JairoAndres/Documents/Quartus/Projects/puj-ca-de1-audio-pump/system_design/software/audio_pump_t1_bsp/\libhal_bsp.a(alt_icache_flush.o)
 .debug_frame   0x00000274       0x20 c:/programas/altera/13.0sp1/nios2eds/bin/gnu/h-i686-mingw32/bin/../lib/gcc/nios2-elf/4.1.2/../../../../nios2-elf/lib\libsmallc.a(lib_a-strlen.o)

.debug_str      0x00000000      0x6ea
 *(.debug_str)
 .debug_str     0x00000000       0xe9 obj/default/hello_world_small.o
                                0x115 (size before relaxing)
 .debug_str     0x000000e9       0x63 obj/default/i2c_opencores.o
                                0x156 (size before relaxing)
 .debug_str     0x0000014c      0x10b c:/programas/altera/13.0sp1/nios2eds/bin/gnu/h-i686-mingw32/bin/../lib/gcc/nios2-elf/4.1.2\libgcc.a(lib2-divmod.o)
                                0x1b4 (size before relaxing)
 .debug_str     0x00000257      0x158 C:/Users/JairoAndres/Documents/Quartus/Projects/puj-ca-de1-audio-pump/system_design/software/audio_pump_t1_bsp/\libhal_bsp.a(alt_load.o)
                                0x1f5 (size before relaxing)
 .debug_str     0x000003af       0x75 C:/Users/JairoAndres/Documents/Quartus/Projects/puj-ca-de1-audio-pump/system_design/software/audio_pump_t1_bsp/\libhal_bsp.a(alt_main.o)
                                0x179 (size before relaxing)
 .debug_str     0x00000424       0x46 C:/Users/JairoAndres/Documents/Quartus/Projects/puj-ca-de1-audio-pump/system_design/software/audio_pump_t1_bsp/\libhal_bsp.a(alt_putstr.o)
                                0x14a (size before relaxing)
 .debug_str     0x0000046a       0x80 C:/Users/JairoAndres/Documents/Quartus/Projects/puj-ca-de1-audio-pump/system_design/software/audio_pump_t1_bsp/\libhal_bsp.a(alt_sys_init.o)
                                0x1e8 (size before relaxing)
 .debug_str     0x000004ea       0x56 C:/Users/JairoAndres/Documents/Quartus/Projects/puj-ca-de1-audio-pump/system_design/software/audio_pump_t1_bsp/\libhal_bsp.a(altera_avalon_jtag_uart_write.o)
                                0x1f1 (size before relaxing)
 .debug_str     0x00000540       0x34 C:/Users/JairoAndres/Documents/Quartus/Projects/puj-ca-de1-audio-pump/system_design/software/audio_pump_t1_bsp/\libhal_bsp.a(alt_dcache_flush_all.o)
                                0x138 (size before relaxing)
 .debug_str     0x00000574       0x34 C:/Users/JairoAndres/Documents/Quartus/Projects/puj-ca-de1-audio-pump/system_design/software/audio_pump_t1_bsp/\libhal_bsp.a(alt_icache_flush_all.o)
                                0x138 (size before relaxing)
 .debug_str     0x000005a8       0x3b C:/Users/JairoAndres/Documents/Quartus/Projects/puj-ca-de1-audio-pump/system_design/software/audio_pump_t1_bsp/\libhal_bsp.a(altera_nios2_qsys_irq.o)
                                0x13f (size before relaxing)
 .debug_str     0x000005e3       0x2c C:/Users/JairoAndres/Documents/Quartus/Projects/puj-ca-de1-audio-pump/system_design/software/audio_pump_t1_bsp/\libhal_bsp.a(alt_icache_flush.o)
                                0x13e (size before relaxing)
 .debug_str     0x0000060f       0xdb c:/programas/altera/13.0sp1/nios2eds/bin/gnu/h-i686-mingw32/bin/../lib/gcc/nios2-elf/4.1.2/../../../../nios2-elf/lib\libsmallc.a(lib_a-strlen.o)
                                0x176 (size before relaxing)

.debug_loc      0x00000000      0x40d
 *(.debug_loc)
 .debug_loc     0x00000000       0x85 obj/default/hello_world_small.o
 .debug_loc     0x00000085       0xa7 obj/default/i2c_opencores.o
 .debug_loc     0x0000012c      0x1d2 c:/programas/altera/13.0sp1/nios2eds/bin/gnu/h-i686-mingw32/bin/../lib/gcc/nios2-elf/4.1.2\libgcc.a(lib2-divmod.o)
 .debug_loc     0x000002fe       0x1f C:/Users/JairoAndres/Documents/Quartus/Projects/puj-ca-de1-audio-pump/system_design/software/audio_pump_t1_bsp/\libhal_bsp.a(alt_load.o)
 .debug_loc     0x0000031d       0x1f C:/Users/JairoAndres/Documents/Quartus/Projects/puj-ca-de1-audio-pump/system_design/software/audio_pump_t1_bsp/\libhal_bsp.a(alt_main.o)
 .debug_loc     0x0000033c       0x48 C:/Users/JairoAndres/Documents/Quartus/Projects/puj-ca-de1-audio-pump/system_design/software/audio_pump_t1_bsp/\libhal_bsp.a(alt_putstr.o)
 .debug_loc     0x00000384       0x32 C:/Users/JairoAndres/Documents/Quartus/Projects/puj-ca-de1-audio-pump/system_design/software/audio_pump_t1_bsp/\libhal_bsp.a(alt_sys_init.o)
 .debug_loc     0x000003b6       0x26 C:/Users/JairoAndres/Documents/Quartus/Projects/puj-ca-de1-audio-pump/system_design/software/audio_pump_t1_bsp/\libhal_bsp.a(altera_avalon_jtag_uart_write.o)
 .debug_loc     0x000003dc       0x13 C:/Users/JairoAndres/Documents/Quartus/Projects/puj-ca-de1-audio-pump/system_design/software/audio_pump_t1_bsp/\libhal_bsp.a(alt_icache_flush.o)
 .debug_loc     0x000003ef       0x1e c:/programas/altera/13.0sp1/nios2eds/bin/gnu/h-i686-mingw32/bin/../lib/gcc/nios2-elf/4.1.2/../../../../nios2-elf/lib\libsmallc.a(lib_a-strlen.o)

.debug_macinfo
 *(.debug_macinfo)

.debug_weaknames
 *(.debug_weaknames)

.debug_funcnames
 *(.debug_funcnames)

.debug_typenames
 *(.debug_typenames)

.debug_varnames
 *(.debug_varnames)

.debug_alt_sim_info
                0x00000000       0x30
 *(.debug_alt_sim_info)
 .debug_alt_sim_info
                0x00000000       0x30 C:/Users/JairoAndres/Documents/Quartus/Projects/puj-ca-de1-audio-pump/system_design/software/audio_pump_t1_bsp//obj/HAL/src/crt0.o
                0x01100000                __alt_data_end = 0x1100000
                0x01100000                PROVIDE (__alt_stack_pointer, __alt_data_end)
                0x01080580                PROVIDE (__alt_stack_limit, __alt_stack_base)
                0x01080580                PROVIDE (__alt_heap_start, end)
                0x01100000                PROVIDE (__alt_heap_limit, 0x1100000)
OUTPUT(audio_pump_t1.elf elf32-littlenios2)

.debug_ranges   0x00000000       0x20
 .debug_ranges  0x00000000       0x20 C:/Users/JairoAndres/Documents/Quartus/Projects/puj-ca-de1-audio-pump/system_design/software/audio_pump_t1_bsp//obj/HAL/src/crt0.o
